TAP version 13
# Subtest: replace-anchor is registered
    # Subtest: appears in MECHANICAL_FIX_TYPES
    ok 1 - appears in MECHANICAL_FIX_TYPES
      ---
      duration_ms: 0.894392
      type: 'test'
      ...
    1..1
ok 1 - replace-anchor is registered
  ---
  duration_ms: 2.087955
  type: 'suite'
  ...
# Subtest: Cross-Reference emits replace-anchor for high-confidence matches
    # Subtest: typo: single-char edit distance produces an auto-fix
    ok 1 - typo: single-char edit distance produces an auto-fix
      ---
      duration_ms: 6.215607
      type: 'test'
      ...
    # Subtest: does NOT emit a fix when match distance > 2 (low confidence)
    ok 2 - does NOT emit a fix when match distance > 2 (low confidence)
      ---
      duration_ms: 1.582327
      type: 'test'
      ...
    # Subtest: does NOT emit a fix when multiple anchors are equally close (ambiguous)
    ok 3 - does NOT emit a fix when multiple anchors are equally close (ambiguous)
      ---
      duration_ms: 2.020928
      type: 'test'
      ...
    1..3
ok 2 - Cross-Reference emits replace-anchor for high-confidence matches
  ---
  duration_ms: 10.317344
  type: 'suite'
  ...
# Subtest: applyReplaceAnchor — mechanical
    # Subtest: rewrites the anchor inside a markdown link
    ok 1 - rewrites the anchor inside a markdown link
      ---
      duration_ms: 4.132232
      type: 'test'
      ...
    # Subtest: is idempotent: second apply is a no-op (skipped)
    ok 2 - is idempotent: second apply is a no-op (skipped)
      ---
      duration_ms: 1.235244
      type: 'test'
      ...
    # Subtest: does NOT touch plain-text occurrences of the slug
    ok 3 - does NOT touch plain-text occurrences of the slug
      ---
      duration_ms: 1.228117
      type: 'test'
      ...
    1..3
ok 3 - applyReplaceAnchor — mechanical
  ---
  duration_ms: 6.977452
  type: 'suite'
  ...
# Subtest: api-doc: normalizePath
    # Subtest: unifies :param and {param} to a single placeholder
    ok 1 - unifies :param and {param} to a single placeholder
      ---
      duration_ms: 3.160048
      type: 'test'
      ...
    # Subtest: strips backticks, table pipes, and trailing slashes
    ok 2 - strips backticks, table pipes, and trailing slashes
      ---
      duration_ms: 0.342498
      type: 'test'
      ...
    # Subtest: returns empty string for non-paths
    ok 3 - returns empty string for non-paths
      ---
      duration_ms: 0.190078
      type: 'test'
      ...
    # Subtest: endpointKey upper-cases the method
    ok 4 - endpointKey upper-cases the method
      ---
      duration_ms: 0.313475
      type: 'test'
      ...
    1..4
ok 4 - api-doc: normalizePath
  ---
  duration_ms: 5.306441
  type: 'suite'
  ...
# Subtest: api-doc: parseApiReferenceDoc
    # Subtest: extracts endpoints from "\#\#\#\# METHOD `/path`" headings
    ok 1 - extracts endpoints from "\#\#\#\# METHOD `/path`" headings
      ---
      duration_ms: 2.123801
      type: 'test'
      ...
    # Subtest: extracts endpoints from markdown table rows
    ok 2 - extracts endpoints from markdown table rows
      ---
      duration_ms: 0.682539
      type: 'test'
      ...
    # Subtest: does NOT emit garbage tokens from table separators
    ok 3 - does NOT emit garbage tokens from table separators
      ---
      duration_ms: 0.39841
      type: 'test'
      ...
    # Subtest: deduplicates identical endpoints across heading + table
    ok 4 - deduplicates identical endpoints across heading + table
      ---
      duration_ms: 0.441507
      type: 'test'
      ...
    1..4
ok 5 - api-doc: parseApiReferenceDoc
  ---
  duration_ms: 4.156536
  type: 'suite'
  ...
# Subtest: api-doc: compareEndpoints
    # Subtest: classifies documented-but-absent, present-but-undocumented, matched
    ok 1 - classifies documented-but-absent, present-but-undocumented, matched
      ---
      duration_ms: 0.729208
      type: 'test'
      ...
    # Subtest: treats :id and {id} as the same endpoint (no false drift)
    ok 2 - treats :id and {id} as the same endpoint (no false drift)
      ---
      duration_ms: 0.423892
      type: 'test'
      ...
    1..2
ok 6 - api-doc: compareEndpoints
  ---
  duration_ms: 1.445116
  type: 'suite'
  ...
# Subtest: normalizePath — unifies ALL dynamic-segment syntaxes (field-test fix)
    # Subtest: collapses Next.js brackets, OpenAPI braces, and colon params to one key
    ok 1 - collapses Next.js brackets, OpenAPI braces, and colon params to one key
      ---
      duration_ms: 0.318415
      type: 'test'
      ...
    # Subtest: collapses catch-all and optional catch-all (bracket + colon-star)
    ok 2 - collapses catch-all and optional catch-all (bracket + colon-star)
      ---
      duration_ms: 0.142705
      type: 'test'
      ...
    1..2
ok 7 - normalizePath — unifies ALL dynamic-segment syntaxes (field-test fix)
  ---
  duration_ms: 0.596052
  type: 'suite'
  ...
# Subtest: api-surface validator
    # Subtest: returns 0/0 (not applicable) when API-REFERENCE.md is absent
    ok 1 - returns 0/0 (not applicable) when API-REFERENCE.md is absent
      ---
      duration_ms: 5.420708
      type: 'test'
      ...
    # Subtest: flags a documented-but-absent endpoint as an ERROR when a spec confirms it
    ok 2 - flags a documented-but-absent endpoint as an ERROR when a spec confirms it
      ---
      duration_ms: 6.93625
      type: 'test'
      ...
    # Subtest: warns (not errors) for documented-but-absent when only code-scanning (no spec)
    ok 3 - warns (not errors) for documented-but-absent when only code-scanning (no spec)
      ---
      duration_ms: 6.645617
      type: 'test'
      ...
    # Subtest: warns for a present-but-undocumented endpoint
    ok 4 - warns for a present-but-undocumented endpoint
      ---
      duration_ms: 3.114527
      type: 'test'
      ...
    # Subtest: prefers the spec under the configured sourceRoot over a stale root copy
    ok 5 - prefers the spec under the configured sourceRoot over a stale root copy
      ---
      duration_ms: 5.791936
      type: 'test'
      ...
    1..5
ok 8 - api-surface validator
  ---
  duration_ms: 29.728554
  type: 'suite'
  ...
# Subtest: api-reference writer: removeEndpoints
    # Subtest: removes the table row AND the detail block for a target endpoint
    ok 1 - removes the table row AND the detail block for a target endpoint
      ---
      duration_ms: 3.381598
      type: 'test'
      ...
    # Subtest: preserves other endpoints and trailing sections
    ok 2 - preserves other endpoints and trailing sections
      ---
      duration_ms: 0.344572
      type: 'test'
      ...
    # Subtest: treats :id and {id} as the same endpoint when removing
    ok 3 - treats :id and {id} as the same endpoint when removing
      ---
      duration_ms: 0.417682
      type: 'test'
      ...
    # Subtest: is idempotent — removing an already-absent endpoint changes nothing
    ok 4 - is idempotent — removing an already-absent endpoint changes nothing
      ---
      duration_ms: 0.35198
      type: 'test'
      ...
    # Subtest: hasGeneratedMarker detects the generated marker
    ok 5 - hasGeneratedMarker detects the generated marker
      ---
      duration_ms: 0.3638
      type: 'test'
      ...
    1..5
ok 9 - api-reference writer: removeEndpoints
  ---
  duration_ms: 6.441074
  type: 'suite'
  ...
# Subtest: applyApiSurfaceWrites (gated, spec-confirmed removals)
    # Subtest: removes a spec-confirmed absent endpoint from a generated doc
    ok 1 - removes a spec-confirmed absent endpoint from a generated doc
      ---
      duration_ms: 6.040984
      type: 'test'
      ...
    # Subtest: SKIPS a doc without the generated marker unless --force
    ok 2 - SKIPS a doc without the generated marker unless --force
      ---
      duration_ms: 3.428002
      type: 'test'
      ...
    # Subtest: does NOT delete on a heuristic code-scan (no spec) — needs spec confidence
    ok 3 - does NOT delete on a heuristic code-scan (no spec) — needs spec confidence
      ---
      duration_ms: 4.965257
      type: 'test'
      ...
    1..3
ok 10 - applyApiSurfaceWrites (gated, spec-confirmed removals)
  ---
  duration_ms: 14.948846
  type: 'suite'
  ...
# Subtest: architecture.mjs - validateArchitecture
    # Subtest: should pass on empty project or empty config layers
    ok 1 - should pass on empty project or empty config layers
      ---
      duration_ms: 2.86305
      type: 'test'
      ...
    # Subtest: should detect layer violations based on config
    ok 2 - should detect layer violations based on config
      ---
      duration_ms: 5.09112
      type: 'test'
      ...
    # Subtest: should detect layer boundaries based on ARCHITECTURE.md auto-detect
    ok 3 - should detect layer boundaries based on ARCHITECTURE.md auto-detect
      ---
      duration_ms: 2.720049
      type: 'test'
      ...
    # Subtest: should detect circular dependencies and report them as warnings
    ok 4 - should detect circular dependencies and report them as warnings
      ---
      duration_ms: 1.772646
      type: 'test'
      ...
    1..4
ok 11 - architecture.mjs - validateArchitecture
  ---
  duration_ms: 14.011015
  type: 'suite'
  ...
# Subtest: B-7: diff/validator symmetry on NODE_ENV
    # Subtest: NODE_ENV in both ENVIRONMENT.md table AND .env.example is NOT flagged by diff
    ok 1 - NODE_ENV in both ENVIRONMENT.md table AND .env.example is NOT flagged by diff
      ---
      duration_ms: 5.653616
      type: 'test'
      ...
    # Subtest: validator + diff agree: both count NODE_ENV as documented
    ok 2 - validator + diff agree: both count NODE_ENV as documented
      ---
      duration_ms: 3.421685
      type: 'test'
      ...
    # Subtest: PATH (truly system) is still filtered from doc-prose mentions
    ok 3 - PATH (truly system) is still filtered from doc-prose mentions
      ---
      duration_ms: 1.607392
      type: 'test'
      ...
    # Subtest: CI is no longer filtered (apps DO check process.env.CI)
    ok 4 - CI is no longer filtered (apps DO check process.env.CI)
      ---
      duration_ms: 2.628249
      type: 'test'
      ...
    1..4
ok 12 - B-7: diff/validator symmetry on NODE_ENV
  ---
  duration_ms: 15.066048
  type: 'suite'
  ...
# Subtest: docguard generate backup failure
    # Subtest: continues generating docs even if backup fails
    ok 1 - continues generating docs even if backup fails
      ---
      duration_ms: 437.323526
      type: 'test'
      ...
    1..1
ok 13 - docguard generate backup failure
  ---
  duration_ms: 438.515667
  type: 'suite'
  ...
# Subtest: canonical-sync validator
    # Subtest: returns N/A when package.json name is not docguard-cli
    ok 1 - returns N/A when package.json name is not docguard-cli
      ---
      duration_ms: 3.985827
      type: 'test'
      ...
    # Subtest: returns N/A when no package.json exists
    ok 2 - returns N/A when no package.json exists
      ---
      duration_ms: 0.719862
      type: 'test'
      ...
    # Subtest: passes when README counts match code-truth (all checks)
    ok 3 - passes when README counts match code-truth (all checks)
      ---
      duration_ms: 2.917593
      type: 'test'
      ...
    # Subtest: warns when "ships N commands" is wrong
    ok 4 - warns when "ships N commands" is wrong
      ---
      duration_ms: 2.287761
      type: 'test'
      ...
    # Subtest: warns when "N validators" claim in surface context is wrong
    ok 5 - warns when "N validators" claim in surface context is wrong
      ---
      duration_ms: 2.283493
      type: 'test'
      ...
    # Subtest: warns when architecture-diagram counts are stale
    ok 6 - warns when architecture-diagram counts are stale
      ---
      duration_ms: 8.593339
      type: 'test'
      ...
    # Subtest: counts itself per §8.5 — validator count claim includes canonical-sync
    ok 7 - counts itself per §8.5 — validator count claim includes canonical-sync
      ---
      duration_ms: 4.532875
      type: 'test'
      ...
    # Subtest: ignores irrelevant numbers (e.g. "9 tests", "5 fixtures")
    ok 8 - ignores irrelevant numbers (e.g. "9 tests", "5 fixtures")
      ---
      duration_ms: 1.518123
      type: 'test'
      ...
    # Subtest: gracefully handles missing surface docs (no README or AGENTS.md)
    ok 9 - gracefully handles missing surface docs (no README or AGENTS.md)
      ---
      duration_ms: 4.954322
      type: 'test'
      ...
    # Subtest: also scans AGENTS.md for surface-count claims (closes the AGENTS.md drift gap)
    ok 10 - also scans AGENTS.md for surface-count claims (closes the AGENTS.md drift gap)
      ---
      duration_ms: 1.875782
      type: 'test'
      ...
    1..10
ok 14 - canonical-sync validator
  ---
  duration_ms: 35.56155
  type: 'suite'
  ...
# Subtest: CDK Detector
    # Subtest: detects CDK when packages/cdk/cdk.json exists
    ok 1 - detects CDK when packages/cdk/cdk.json exists
      ---
      duration_ms: 4.800961
      type: 'test'
      ...
    # Subtest: detects CDK when cdk.json is at project root
    ok 2 - detects CDK when cdk.json is at project root
      ---
      duration_ms: 1.039013
      type: 'test'
      ...
    # Subtest: returns isCDK=false when no cdk.json is present
    ok 3 - returns isCDK=false when no cdk.json is present
      ---
      duration_ms: 3.558441
      type: 'test'
      ...
    # Subtest: does NOT detect cdk.json inside node_modules
    ok 4 - does NOT detect cdk.json inside node_modules
      ---
      duration_ms: 1.349424
      type: 'test'
      ...
    # Subtest: does NOT detect cdk.json inside .git or cdk.out
    ok 5 - does NOT detect cdk.json inside .git or cdk.out
      ---
      duration_ms: 2.954809
      type: 'test'
      ...
    # Subtest: finds multiple cdk.json files across packages
    ok 6 - finds multiple cdk.json files across packages
      ---
      duration_ms: 2.21062
      type: 'test'
      ...
    1..6
ok 15 - CDK Detector
  ---
  duration_ms: 18.037228
  type: 'suite'
  ...
# Subtest: hasInfrastructureHeading
    # Subtest: returns true for "\#\# Infrastructure"
    ok 1 - returns true for "\#\# Infrastructure"
      ---
      duration_ms: 0.685899
      type: 'test'
      ...
    # Subtest: returns true for "\#\#\# CDK" at any level
    ok 2 - returns true for "\#\#\# CDK" at any level
      ---
      duration_ms: 0.463779
      type: 'test'
      ...
    # Subtest: returns true for "\# IaC"
    ok 3 - returns true for "\# IaC"
      ---
      duration_ms: 0.309786
      type: 'test'
      ...
    # Subtest: is case-insensitive
    ok 4 - is case-insensitive
      ---
      duration_ms: 0.209413
      type: 'test'
      ...
    # Subtest: returns false when no heading is present
    ok 5 - returns false when no heading is present
      ---
      duration_ms: 0.107953
      type: 'test'
      ...
    # Subtest: returns false for empty input
    ok 6 - returns false for empty input
      ---
      duration_ms: 0.11682
      type: 'test'
      ...
    # Subtest: does not match the word in body text (only headings)
    ok 7 - does not match the word in body text (only headings)
      ---
      duration_ms: 0.090065
      type: 'test'
      ...
    1..7
ok 16 - hasInfrastructureHeading
  ---
  duration_ms: 2.457686
  type: 'suite'
  ...
# Subtest: globMatch worktree rejection (FP-4)
    # Subtest: rejects paths under .claude/worktrees/ at any depth
    ok 1 - rejects paths under .claude/worktrees/ at any depth
      ---
      duration_ms: 0.599622
      type: 'test'
      ...
    # Subtest: rejects paths under .git/worktrees/
    ok 2 - rejects paths under .git/worktrees/
      ---
      duration_ms: 0.121343
      type: 'test'
      ...
    # Subtest: rejects paths under .jj/
    ok 3 - rejects paths under .jj/
      ---
      duration_ms: 0.096541
      type: 'test'
      ...
    # Subtest: still rejects node_modules (regression)
    ok 4 - still rejects node_modules (regression)
      ---
      duration_ms: 0.085396
      type: 'test'
      ...
    # Subtest: accepts a normal path matching a pattern
    ok 5 - accepts a normal path matching a pattern
      ---
      duration_ms: 0.240321
      type: 'test'
      ...
    # Subtest: accepts a path that just contains "worktrees" as a name part outside reject prefixes
    ok 6 - accepts a path that just contains "worktrees" as a name part outside reject prefixes
      ---
      duration_ms: 0.155092
      type: 'test'
      ...
    1..6
ok 17 - globMatch worktree rejection (FP-4)
  ---
  duration_ms: 1.5279
  type: 'suite'
  ...
# Subtest: Multi-tool IaC Detector (Terraform, Pulumi, SAM, Serverless)
    # Subtest: detects Terraform when *.tf files exist
    ok 1 - detects Terraform when *.tf files exist
      ---
      duration_ms: 1.17331
      type: 'test'
      ...
    # Subtest: detects Pulumi when Pulumi.yaml exists
    ok 2 - detects Pulumi when Pulumi.yaml exists
      ---
      duration_ms: 2.889158
      type: 'test'
      ...
    # Subtest: detects SAM when template.yaml has AWS::Serverless::
    ok 3 - detects SAM when template.yaml has AWS::Serverless::
      ---
      duration_ms: 1.017559
      type: 'test'
      ...
    # Subtest: does NOT detect SAM when template.yaml lacks AWS::Serverless::
    ok 4 - does NOT detect SAM when template.yaml lacks AWS::Serverless::
      ---
      duration_ms: 0.849351
      type: 'test'
      ...
    # Subtest: detects Serverless Framework via serverless.yml
    ok 5 - detects Serverless Framework via serverless.yml
      ---
      duration_ms: 0.666793
      type: 'test'
      ...
    # Subtest: detects multiple IaC tools in the same monorepo
    ok 6 - detects multiple IaC tools in the same monorepo
      ---
      duration_ms: 1.581493
      type: 'test'
      ...
    # Subtest: returns isIaC=false for a non-IaC project
    ok 7 - returns isIaC=false for a non-IaC project
      ---
      duration_ms: 0.757998
      type: 'test'
      ...
    # Subtest: buildIaCWarning produces actionable text naming tool and location
    ok 8 - buildIaCWarning produces actionable text naming tool and location
      ---
      duration_ms: 1.031043
      type: 'test'
      ...
    # Subtest: detectCDK shim still returns the legacy shape
    ok 9 - detectCDK shim still returns the legacy shape
      ---
      duration_ms: 1.080515
      type: 'test'
      ...
    1..9
ok 18 - Multi-tool IaC Detector (Terraform, Pulumi, SAM, Serverless)
  ---
  duration_ms: 11.572881
  type: 'suite'
  ...
# Subtest: DEFAULT_IGNORE_DIRS shared constant
    # Subtest: is a non-empty Set containing the canonical entries
    ok 1 - is a non-empty Set containing the canonical entries
      ---
      duration_ms: 0.159634
      type: 'test'
      ...
    # Subtest: includes Rust, Java, and SvelteKit build outputs
    ok 2 - includes Rust, Java, and SvelteKit build outputs
      ---
      duration_ms: 0.096913
      type: 'test'
      ...
    1..2
ok 19 - DEFAULT_IGNORE_DIRS shared constant
  ---
  duration_ms: 0.362503
  type: 'suite'
  ...
# Subtest: grepEnvUsage — config.changedFiles scope
    # Subtest: scans only the listed paths when changedFiles is set
    ok 1 - scans only the listed paths when changedFiles is set
      ---
      duration_ms: 4.49381
      type: 'test'
      ...
    # Subtest: scans everything when changedFiles is missing or empty
    ok 2 - scans everything when changedFiles is missing or empty
      ---
      duration_ms: 3.894113
      type: 'test'
      ...
    1..2
ok 20 - grepEnvUsage — config.changedFiles scope
  ---
  duration_ms: 11.10967
  type: 'suite'
  ...
# Subtest: validateApiSurface — config.changedFiles scope
    # Subtest: returns N/A when no route/spec files changed
    ok 1 - returns N/A when no route/spec files changed
      ---
      duration_ms: 2.22637
      type: 'test'
      ...
    # Subtest: runs normally when a route file IS in the changed set
    ok 2 - runs normally when a route file IS in the changed set
      ---
      duration_ms: 4.839098
      type: 'test'
      ...
    # Subtest: runs normally when no changedFiles is set (no scoping)
    ok 3 - runs normally when no changedFiles is set (no scoping)
      ---
      duration_ms: 2.506303
      type: 'test'
      ...
    # Subtest: detects OpenAPI specs as route-relevant for scoping
    ok 4 - detects OpenAPI specs as route-relevant for scoping
      ---
      duration_ms: 2.683999
      type: 'test'
      ...
    1..4
ok 21 - validateApiSurface — config.changedFiles scope
  ---
  duration_ms: 12.743424
  type: 'suite'
  ...
# Subtest: CHANGED_ONLY_VALIDATORS — the pre-commit lite set
    # Subtest: exists as a non-empty array of strings
    ok 1 - exists as a non-empty array of strings
      ---
      duration_ms: 1.094589
      type: 'test'
      ...
    # Subtest: includes the three validators promised in CI-RECIPES
    ok 2 - includes the three validators promised in CI-RECIPES
      ---
      duration_ms: 0.197785
      type: 'test'
      ...
    # Subtest: does NOT include slow validators (Freshness, Traceability, Doc-Quality)
    ok 3 - does NOT include slow validators (Freshness, Traceability, Doc-Quality)
      ---
      duration_ms: 0.296577
      type: 'test'
      ...
    1..3
ok 22 - CHANGED_ONLY_VALIDATORS — the pre-commit lite set
  ---
  duration_ms: 3.018755
  type: 'suite'
  ...
# Subtest: liteValidatorsConfig — never silently drops severity=high validators
    # Subtest: enables only the lite set by default
    ok 1 - enables only the lite set by default
      ---
      duration_ms: 1.778962
      type: 'test'
      ...
    # Subtest: force-enables a validator the team escalated to severity=high
    ok 2 - force-enables a validator the team escalated to severity=high
      ---
      duration_ms: 0.223588
      type: 'test'
      ...
    # Subtest: respects an explicit validator disable over a high-severity override
    ok 3 - respects an explicit validator disable over a high-severity override
      ---
      duration_ms: 0.17377
      type: 'test'
      ...
    # Subtest: does not escalate medium/low severity validators
    ok 4 - does not escalate medium/low severity validators
      ---
      duration_ms: 0.432201
      type: 'test'
      ...
    1..4
ok 23 - liteValidatorsConfig — never silently drops severity=high validators
  ---
  duration_ms: 3.156029
  type: 'suite'
  ...
# Subtest: `docguard guard --changed-only` end-to-end (subprocess)
    # Subtest: reports the lite-mode banner
    ok 1 - reports the lite-mode banner
      ---
      duration_ms: 132.625052
      type: 'test'
      ...
    1..1
ok 24 - `docguard guard --changed-only` end-to-end (subprocess)
  ---
  duration_ms: 133.070188
  type: 'suite'
  ...
# Subtest: validateChangelog
    # Subtest: returns empty result when changelog file is missing
    ok 1 - returns empty result when changelog file is missing
      ---
      duration_ms: 1.954863
      type: 'test'
      ...
    # Subtest: registers warning when [Unreleased] section is missing
    ok 2 - registers warning when [Unreleased] section is missing
      ---
      duration_ms: 6.567379
      type: 'test'
      ...
    # Subtest: registers warning when version headers are missing
    ok 3 - registers warning when version headers are missing
      ---
      duration_ms: 4.942394
      type: 'test'
      ...
    # Subtest: passes completely with valid changelog
    ok 4 - passes completely with valid changelog
      ---
      duration_ms: 4.934844
      type: 'test'
      ...
    # Subtest: passes case-insensitivity check for [unreleased]
    ok 5 - passes case-insensitivity check for [unreleased]
      ---
      duration_ms: 4.626006
      type: 'test'
      ...
    1..5
ok 25 - validateChangelog
  ---
  duration_ms: 25.565492
  type: 'suite'
  ...
# Subtest: validateChangelog — staged-change check (STANDARD.md)
    # Subtest: warns when code is staged but CHANGELOG.md is not
    ok 1 - warns when code is staged but CHANGELOG.md is not
      ---
      duration_ms: 19.422106
      type: 'test'
      ...
    # Subtest: passes the staged check when CHANGELOG.md is staged alongside code
    ok 2 - passes the staged check when CHANGELOG.md is staged alongside code
      ---
      duration_ms: 16.918014
      type: 'test'
      ...
    # Subtest: does not run the staged check when nothing is staged (N/A)
    ok 3 - does not run the staged check when nothing is staged (N/A)
      ---
      duration_ms: 12.568218
      type: 'test'
      ...
    1..3
ok 26 - validateChangelog — staged-change check (STANDARD.md)
  ---
  duration_ms: 49.589883
  type: 'suite'
  ...
# [33m⚠ Deprecated since v0.20:[0m [36mdocguard badge[0m → use [36mdocguard init --with badge[0m
# [2m  The old form still works in v0.20.x but will be removed in v1.0. See MIGRATION-v0.20.md.[0m
# [33m⚠ Deprecated since v0.20:[0m [36mdocguard badge[0m → use [36mdocguard init --with badge[0m
# [2m  The old form still works in v0.20.x but will be removed in v1.0. See MIGRATION-v0.20.md.[0m
# [33m⚠ Deprecated since v0.20:[0m [36mdocguard hooks[0m → use [36mdocguard init --with hooks[0m
# [2m  The old form still works in v0.20.x but will be removed in v1.0. See MIGRATION-v0.20.md.[0m
# Subtest: docguard --help
    # Subtest: shows help text
    ok 1 - shows help text
      ---
      duration_ms: 129.396526
      type: 'test'
      ...
    # Subtest: shows version
    ok 2 - shows version
      ---
      duration_ms: 117.070375
      type: 'test'
      ...
    1..2
ok 27 - docguard --help
  ---
  duration_ms: 248.154516
  type: 'suite'
  ...
# Subtest: docguard audit
    # Subtest: runs on DocGuard itself
    ok 1 - runs on DocGuard itself
      ---
      duration_ms: 417.738495
      type: 'test'
      ...
    # Subtest: runs validators like guard does
    ok 2 - runs validators like guard does
      ---
      duration_ms: 424.381988
      type: 'test'
      ...
    # Subtest: shows validator results with --verbose
    ok 3 - shows validator results with --verbose
      ---
      duration_ms: 428.508571
      type: 'test'
      ...
    1..3
ok 28 - docguard audit
  ---
  duration_ms: 1271.270817
  type: 'suite'
  ...
# Subtest: docguard badge
    # Subtest: runs and shows badges
    ok 1 - runs and shows badges
      ---
      duration_ms: 171.663999
      type: 'test'
      ...
    # Subtest: outputs JSON with --format json
    ok 2 - outputs JSON with --format json
      ---
      duration_ms: 164.756545
      type: 'test'
      ...
    1..2
ok 29 - docguard badge
  ---
  duration_ms: 336.897463
  type: 'suite'
  ...
# Subtest: docguard score
    # Subtest: runs and shows a score
    ok 1 - runs and shows a score
      ---
      duration_ms: 155.238442
      type: 'test'
      ...
    # Subtest: outputs JSON with --format json
    ok 2 - outputs JSON with --format json
      ---
      duration_ms: 152.503338
      type: 'test'
      ...
    # Subtest: respects projectTypeConfig — CLI projects not penalized for missing .env.example
    ok 3 - respects projectTypeConfig — CLI projects not penalized for missing .env.example
      ---
      duration_ms: 151.246483
      type: 'test'
      ...
    # Subtest: gives full testing score for node:test projects
    ok 4 - gives full testing score for node:test projects
      ---
      duration_ms: 159.120639
      type: 'test'
      ...
    # Subtest: shows badge snippet
    ok 5 - shows badge snippet
      ---
      duration_ms: 154.041111
      type: 'test'
      ...
    # Subtest: outputs multi-signal breakdown with --signals and ALCOA+ compliance
    ok 6 - outputs multi-signal breakdown with --signals and ALCOA+ compliance
      ---
      duration_ms: 161.383221
      type: 'test'
      ...
    # Subtest: outputs ALCOA+ compliance by default
    ok 7 - outputs ALCOA+ compliance by default
      ---
      duration_ms: 155.065772
      type: 'test'
      ...
    1..7
ok 30 - docguard score
  ---
  duration_ms: 1089.298841
  type: 'suite'
  ...
# Subtest: docguard diff
    # Subtest: runs without errors
    ok 1 - runs without errors
      ---
      duration_ms: 820.217207
      type: 'test'
      ...
    # Subtest: shows no false positives on DocGuard
    ok 2 - shows no false positives on DocGuard
      ---
      duration_ms: 810.792658
      type: 'test'
      ...
    1..2
ok 31 - docguard diff
  ---
  duration_ms: 1631.43236
  type: 'suite'
  ...
# Subtest: docguard init
    # Subtest: creates docs in a temp directory
    ok 1 - creates docs in a temp directory
      ---
      duration_ms: 145.258666
      type: 'test'
      ...
    1..1
ok 32 - docguard init
  ---
  duration_ms: 145.409041
  type: 'suite'
  ...
# Subtest: docguard generate
    # Subtest: generates docs in empty dir
    ok 1 - generates docs in empty dir
      ---
      duration_ms: 433.335477
      type: 'test'
      ...
    # Subtest: skips existing files without --force
    ok 2 - skips existing files without --force
      ---
      duration_ms: 857.549625
      type: 'test'
      ...
    1..2
ok 33 - docguard generate
  ---
  duration_ms: 1291.122217
  type: 'suite'
  ...
# Subtest: docguard hooks
    # Subtest: lists available hooks
    ok 1 - lists available hooks
      ---
      duration_ms: 133.486323
      type: 'test'
      ...
    1..1
ok 34 - docguard hooks
  ---
  duration_ms: 133.635977
  type: 'suite'
  ...
# Subtest: docguard guard
    # Subtest: runs all validators
    ok 1 - runs all validators
      ---
      duration_ms: 421.50518
      type: 'test'
      ...
    1..1
ok 35 - docguard guard
  ---
  duration_ms: 421.665108
  type: 'suite'
  ...
# Subtest: project type detection
    # Subtest: detects DocGuard as CLI project
    ok 1 - detects DocGuard as CLI project
      ---
      duration_ms: 150.913309
      type: 'test'
      ...
    1..1
ok 36 - project type detection
  ---
  duration_ms: 151.110417
  type: 'suite'
  ...
# Subtest: docguard fix
    # Subtest: runs and shows issues or clean status
    ok 1 - runs and shows issues or clean status
      ---
      duration_ms: 417.896668
      type: 'test'
      ...
    # Subtest: outputs JSON with --format json
    ok 2 - outputs JSON with --format json
      ---
      duration_ms: 416.535803
      type: 'test'
      ...
    # Subtest: generates doc prompt with --doc architecture
    ok 3 - generates doc prompt with --doc architecture
      ---
      duration_ms: 125.370703
      type: 'test'
      ...
    # Subtest: generates prompt for all doc types
    ok 4 - generates prompt for all doc types
      ---
      duration_ms: 595.396776
      type: 'test'
      ...
    1..4
ok 37 - docguard fix
  ---
  duration_ms: 1555.556993
  type: 'suite'
  ...
# Subtest: init auto-detection
    # Subtest: auto-detects CLI project type and writes config
    ok 1 - auto-detects CLI project type and writes config
      ---
      duration_ms: 147.927575
      type: 'test'
      ...
    1..1
ok 38 - init auto-detection
  ---
  duration_ms: 148.058883
  type: 'suite'
  ...
# Subtest: docguard help completeness
    # Subtest: lists all major commands
    ok 1 - lists all major commands
      ---
      duration_ms: 114.284613
      type: 'test'
      ...
    # Subtest: shows profile options in help
    ok 2 - shows profile options in help
      ---
      duration_ms: 128.103224
      type: 'test'
      ...
    1..2
ok 39 - docguard help completeness
  ---
  duration_ms: 242.68075
  type: 'suite'
  ...
# Subtest: compliance profiles
    # Subtest: starter profile creates minimal files
    ok 1 - starter profile creates minimal files
      ---
      duration_ms: 138.20667
      type: 'test'
      ...
    1..1
ok 40 - compliance profiles
  ---
  duration_ms: 138.343911
  type: 'suite'
  ...
# Subtest: score --tax
    # Subtest: shows doc tax estimate
    ok 1 - shows doc tax estimate
      ---
      duration_ms: 169.612694
      type: 'test'
      ...
    1..1
ok 41 - score --tax
  ---
  duration_ms: 169.741399
  type: 'suite'
  ...
# Subtest: docguard diagnose
    # Subtest: outputs remediation plan
    ok 1 - outputs remediation plan
      ---
      duration_ms: 443.602965
      type: 'test'
      ...
    # Subtest: outputs valid JSON with --format json
    ok 2 - outputs valid JSON with --format json
      ---
      duration_ms: 442.577902
      type: 'test'
      ...
    1..2
ok 42 - docguard diagnose
  ---
  duration_ms: 886.425592
  type: 'suite'
  ...
# Subtest: guard --format json
    # Subtest: outputs valid JSON
    ok 1 - outputs valid JSON
      ---
      duration_ms: 407.828982
      type: 'test'
      ...
    # Subtest: shows diagnose hint on warnings
    ok 2 - shows diagnose hint on warnings
      ---
      duration_ms: 415.846794
      type: 'test'
      ...
    1..2
ok 43 - guard --format json
  ---
  duration_ms: 823.906862
  type: 'suite'
  ...
# Subtest: help completeness v0.5
    # Subtest: lists diagnose command
    ok 1 - lists diagnose command
      ---
      duration_ms: 115.115901
      type: 'test'
      ...
    # Subtest: shows current version from package.json
    ok 2 - shows current version from package.json
      ---
      duration_ms: 112.295647
      type: 'test'
      ...
    1..2
ok 44 - help completeness v0.5
  ---
  duration_ms: 227.732147
  type: 'suite'
  ...
# Subtest: shared ignore utility
    # Subtest: buildIgnoreFilter matches exact paths
    ok 1 - buildIgnoreFilter matches exact paths
      ---
      duration_ms: 1.267126
      type: 'test'
      ...
    # Subtest: buildIgnoreFilter matches glob patterns
    ok 2 - buildIgnoreFilter matches glob patterns
      ---
      duration_ms: 0.603031
      type: 'test'
      ...
    # Subtest: shouldIgnore checks both global and validator-specific ignore
    ok 3 - shouldIgnore checks both global and validator-specific ignore
      ---
      duration_ms: 0.539534
      type: 'test'
      ...
    # Subtest: empty patterns return false
    ok 4 - empty patterns return false
      ---
      duration_ms: 0.2409
      type: 'test'
      ...
    1..4
ok 45 - shared ignore utility
  ---
  duration_ms: 2.879469
  type: 'suite'
  ...
# Subtest: securityIgnore config
    # Subtest: security validator respects securityIgnore
    ok 1 - security validator respects securityIgnore
      ---
      duration_ms: 148.557823
      type: 'test'
      ...
    1..1
ok 46 - securityIgnore config
  ---
  duration_ms: 148.778047
  type: 'suite'
  ...
# Subtest: placeholder exclusions
    # Subtest: does not flag AWS example keys
    ok 1 - does not flag AWS example keys
      ---
      duration_ms: 150.158711
      type: 'test'
      ...
    1..1
ok 47 - placeholder exclusions
  ---
  duration_ms: 150.289529
  type: 'suite'
  ...
# Subtest: testPatterns config
    # Subtest: score recognizes testPatterns in config
    ok 1 - score recognizes testPatterns in config
      ---
      duration_ms: 154.712293
      type: 'test'
      ...
    1..1
ok 48 - testPatterns config
  ---
  duration_ms: 154.860566
  type: 'suite'
  ...
# Subtest: globMatch — positive pattern matching with node_modules exclusion
    # Subtest: loads globMatch from shared-ignore.mjs
    ok 1 - loads globMatch from shared-ignore.mjs
      ---
      duration_ms: 0.907261
      type: 'test'
      ...
    # Subtest: rejects paths containing node_modules at root
    ok 2 - rejects paths containing node_modules at root
      ---
      duration_ms: 0.487074
      type: 'test'
      ...
    # Subtest: rejects paths containing node_modules at any depth
    ok 3 - rejects paths containing node_modules at any depth
      ---
      duration_ms: 0.249706
      type: 'test'
      ...
    # Subtest: matches valid test paths
    ok 4 - matches valid test paths
      ---
      duration_ms: 0.594332
      type: 'test'
      ...
    # Subtest: handles multiple patterns
    ok 5 - handles multiple patterns
      ---
      duration_ms: 0.292855
      type: 'test'
      ...
    1..5
ok 49 - globMatch — positive pattern matching with node_modules exclusion
  ---
  duration_ms: 2.872093
  type: 'suite'
  ...
# Subtest: CI detection expansion
    # Subtest: score detects buildspec.yml as CI config
    ok 1 - score detects buildspec.yml as CI config
      ---
      duration_ms: 122.687011
      type: 'test'
      ...
    1..1
ok 50 - CI detection expansion
  ---
  duration_ms: 123.730112
  type: 'suite'
  ...
# Subtest: docguard trace error handling
    # Subtest: gracefully handles missing project directory in scanDir
    ok 1 - gracefully handles missing project directory in scanDir
      ---
      duration_ms: 5.634967
      type: 'test'
      ...
    1..1
ok 51 - docguard trace error handling
  ---
  duration_ms: 5.75731
  type: 'suite'
  ...
# Subtest: getTestFilesFromPatterns
    # Subtest: should return empty array if directory does not exist
    ok 1 - should return empty array if directory does not exist
      ---
      duration_ms: 1.088925
      type: 'test'
      ...
    # Subtest: should find test files matching patterns
    ok 2 - should find test files matching patterns
      ---
      duration_ms: 1.345807
      type: 'test'
      ...
    # Subtest: should skip directories without read permissions in readdirSync
    ok 3 - should skip directories without read permissions in readdirSync
      ---
      duration_ms: 0.965722
      type: 'test'
      ...
    1..3
ok 52 - getTestFilesFromPatterns
  ---
  duration_ms: 3.607878
  type: 'suite'
  ...
# Subtest: docguard watch
    # Subtest: starts watch mode and reacts to file changes
    ok 1 - starts watch mode and reacts to file changes
      ---
      duration_ms: 1346.558786
      type: 'test'
      ...
    # Subtest: runs auto-fix prompts when enabled
    ok 2 - runs auto-fix prompts when enabled
      ---
      duration_ms: 353.337422
      type: 'test'
      ...
    1..2
ok 53 - docguard watch
  ---
  duration_ms: 1700.208011
  type: 'suite'
  ...
# Subtest: slugifyHeading — GFM-compatible slugger
    # Subtest: lowercases and dasherizes simple headings
    ok 1 - lowercases and dasherizes simple headings
      ---
      duration_ms: 1.419182
      type: 'test'
      ...
    # Subtest: strips common punctuation
    ok 2 - strips common punctuation
      ---
      duration_ms: 0.283501
      type: 'test'
      ...
    # Subtest: collapses runs of whitespace to a single dash
    ok 3 - collapses runs of whitespace to a single dash
      ---
      duration_ms: 0.318295
      type: 'test'
      ...
    # Subtest: keeps double dashes when stripped punctuation creates them
    ok 4 - keeps double dashes when stripped punctuation creates them
      ---
      duration_ms: 0.187978
      type: 'test'
      ...
    # Subtest: handles emoji the way GitHub does (keeps the leading dash)
    ok 5 - handles emoji the way GitHub does (keeps the leading dash)
      ---
      duration_ms: 0.331666
      type: 'test'
      ...
    # Subtest: matches GitHub: keeps leading dash for emoji-prefixed headings
    ok 6 - matches GitHub: keeps leading dash for emoji-prefixed headings
      ---
      duration_ms: 0.252594
      type: 'test'
      ...
    1..6
ok 54 - slugifyHeading — GFM-compatible slugger
  ---
  duration_ms: 4.386089
  type: 'suite'
  ...
# Subtest: extractHeadings
    # Subtest: returns all ATX-style headings with computed anchors
    ok 1 - returns all ATX-style headings with computed anchors
      ---
      duration_ms: 1.41224
      type: 'test'
      ...
    # Subtest: skips headings inside fenced code blocks
    ok 2 - skips headings inside fenced code blocks
      ---
      duration_ms: 0.502965
      type: 'test'
      ...
    1..2
ok 55 - extractHeadings
  ---
  duration_ms: 2.424448
  type: 'suite'
  ...
# Subtest: extractRefs
    # Subtest: extracts simple markdown links
    ok 1 - extracts simple markdown links
      ---
      duration_ms: 0.748375
      type: 'test'
      ...
    # Subtest: extracts links with anchors
    ok 2 - extracts links with anchors
      ---
      duration_ms: 2.306143
      type: 'test'
      ...
    # Subtest: extracts intra-doc anchor refs
    ok 3 - extracts intra-doc anchor refs
      ---
      duration_ms: 0.177866
      type: 'test'
      ...
    # Subtest: SKIPS external URLs
    ok 4 - SKIPS external URLs
      ---
      duration_ms: 0.258191
      type: 'test'
      ...
    # Subtest: SKIPS mailto: links
    ok 5 - SKIPS mailto: links
      ---
      duration_ms: 0.126093
      type: 'test'
      ...
    # Subtest: SKIPS code-fenced examples
    ok 6 - SKIPS code-fenced examples
      ---
      duration_ms: 0.130628
      type: 'test'
      ...
    # Subtest: SKIPS inline `code` text
    ok 7 - SKIPS inline `code` text
      ---
      duration_ms: 0.11711
      type: 'test'
      ...
    1..7
ok 56 - extractRefs
  ---
  duration_ms: 4.255959
  type: 'suite'
  ...
# Subtest: validateCrossReferences — end-to-end
    # Subtest: reports broken file links (target file missing)
    ok 1 - reports broken file links (target file missing)
      ---
      duration_ms: 2.991229
      type: 'test'
      ...
    # Subtest: reports broken intra-doc anchors
    ok 2 - reports broken intra-doc anchors
      ---
      duration_ms: 1.617301
      type: 'test'
      ...
    # Subtest: reports broken cross-file anchors
    ok 3 - reports broken cross-file anchors
      ---
      duration_ms: 1.660272
      type: 'test'
      ...
    # Subtest: does NOT report valid links
    ok 4 - does NOT report valid links
      ---
      duration_ms: 2.487451
      type: 'test'
      ...
    # Subtest: does NOT touch external URLs
    ok 5 - does NOT touch external URLs
      ---
      duration_ms: 1.159622
      type: 'test'
      ...
    # Subtest: is N/A when no canonical docs exist
    ok 6 - is N/A when no canonical docs exist
      ---
      duration_ms: 0.736991
      type: 'test'
      ...
    # Subtest: S-12: suggests the closest anchor when a near-miss is detected
    ok 7 - S-12: suggests the closest anchor when a near-miss is detected
      ---
      duration_ms: 1.217432
      type: 'test'
      ...
    # Subtest: S-12: does NOT suggest when no candidate is close enough
    ok 8 - S-12: does NOT suggest when no candidate is close enough
      ---
      duration_ms: 1.188884
      type: 'test'
      ...
    # Subtest: B-6: resolves URL-encoded paths (e.g. %20 for spaces)
    ok 9 - B-6: resolves URL-encoded paths (e.g. %20 for spaces)
      ---
      duration_ms: 1.170765
      type: 'test'
      ...
    # Subtest: B-6: falls back to literal path when decode fails (% in a real path)
    ok 10 - B-6: falls back to literal path when decode fails (% in a real path)
      ---
      duration_ms: 2.091794
      type: 'test'
      ...
    # Subtest: skips links to non-markdown files (images, code samples, etc.)
    ok 11 - skips links to non-markdown files (images, code samples, etc.)
      ---
      duration_ms: 0.888534
      type: 'test'
      ...
    1..11
ok 57 - validateCrossReferences — end-to-end
  ---
  duration_ms: 17.688657
  type: 'suite'
  ...
# Subtest: docguard demo
    # Subtest: runs end-to-end and exits 0
    ok 1 - runs end-to-end and exits 0
      ---
      duration_ms: 234.715485
      type: 'test'
      ...
    # Subtest: output shows the demo banner + scan + score + CTA
    ok 2 - output shows the demo banner + scan + score + CTA
      ---
      duration_ms: 236.029068
      type: 'test'
      ...
    # Subtest: --quiet suppresses the banner
    ok 3 - --quiet suppresses the banner
      ---
      duration_ms: 237.646713
      type: 'test'
      ...
    # Subtest: cleans up the temp fixture by default
    ok 4 - cleans up the temp fixture by default
      ---
      duration_ms: 249.752075
      type: 'test'
      ...
    # Subtest: --keep preserves the temp fixture and reports its path
    ok 5 - --keep preserves the temp fixture and reports its path
      ---
      duration_ms: 240.370676
      type: 'test'
      ...
    # Subtest: top-5 findings span multiple validators (not all from one)
    ok 6 - top-5 findings span multiple validators (not all from one)
      ---
      duration_ms: 249.359115
      type: 'test'
      ...
    1..6
ok 58 - docguard demo
  ---
  duration_ms: 1449.857584
  type: 'suite'
  ...
# Subtest: Doc-Quality Validator
    # Subtest: returns empty results when no docs exist
    ok 1 - returns empty results when no docs exist
      ---
      duration_ms: 3.463853
      type: 'test'
      ...
    # Subtest: skips documents with insufficient prose
    ok 2 - skips documents with insufficient prose
      ---
      duration_ms: 2.243203
      type: 'test'
      ...
    # Subtest: reports warnings for poor quality documents
    ok 3 - reports warnings for poor quality documents
      ---
      duration_ms: 8.420678
      type: 'test'
      ...
    # Subtest: passes high quality documents without warnings
    ok 4 - passes high quality documents without warnings
      ---
      duration_ms: 2.274434
      type: 'test'
      ...
    # Subtest: honors the per-doc negation-load override marker
    ok 5 - honors the per-doc negation-load override marker
      ---
      duration_ms: 3.737886
      type: 'test'
      ...
    # Subtest: honors a config-level negationLoadThreshold
    ok 6 - honors a config-level negationLoadThreshold
      ---
      duration_ms: 1.646133
      type: 'test'
      ...
    1..6
ok 59 - Doc-Quality Validator
  ---
  duration_ms: 23.366196
  type: 'suite'
  ...
# Subtest: docHasSection — synonym + section-number tolerance
    # Subtest: matches the exact canonical heading
    ok 1 - matches the exact canonical heading
      ---
      duration_ms: 3.22043
      type: 'test'
      ...
    # Subtest: matches an arc42-style numbered heading ("\#\# 5.4 Layer boundaries")
    ok 2 - matches an arc42-style numbered heading ("\#\# 5.4 Layer boundaries")
      ---
      duration_ms: 0.279725
      type: 'test'
      ...
    # Subtest: matches known synonyms (C4 / arc42 vocabulary)
    ok 3 - matches known synonyms (C4 / arc42 vocabulary)
      ---
      duration_ms: 0.349178
      type: 'test'
      ...
    # Subtest: tolerates extra trailing words in the heading
    ok 4 - tolerates extra trailing words in the heading
      ---
      duration_ms: 0.212807
      type: 'test'
      ...
    # Subtest: still reports genuinely missing sections (not a rubber stamp)
    ok 5 - still reports genuinely missing sections (not a rubber stamp)
      ---
      duration_ms: 0.208844
      type: 'test'
      ...
    # Subtest: only matches real headings, not prose mentioning the words
    ok 6 - only matches real headings, not prose mentioning the words
      ---
      duration_ms: 0.299796
      type: 'test'
      ...
    # Subtest: ignores the document title (H1) and matches section level headings
    ok 7 - ignores the document title (H1) and matches section level headings
      ---
      duration_ms: 0.181681
      type: 'test'
      ...
    1..7
ok 60 - docHasSection — synonym + section-number tolerance
  ---
  duration_ms: 6.577092
  type: 'suite'
  ...
# Subtest: .docguardignore — loader
    # Subtest: returns [] when file is missing
    ok 1 - returns [] when file is missing
      ---
      duration_ms: 4.038837
      type: 'test'
      ...
    # Subtest: parses simple patterns, one per line
    ok 2 - parses simple patterns, one per line
      ---
      duration_ms: 1.469364
      type: 'test'
      ...
    # Subtest: skips comments and blank lines
    ok 3 - skips comments and blank lines
      ---
      duration_ms: 0.934909
      type: 'test'
      ...
    # Subtest: trims whitespace per line
    ok 4 - trims whitespace per line
      ---
      duration_ms: 1.188142
      type: 'test'
      ...
    1..4
ok 61 - .docguardignore — loader
  ---
  duration_ms: 9.138069
  type: 'suite'
  ...
# Subtest: .docguardignore — merge into config.ignore
    # Subtest: appends .docguardignore patterns to an empty config
    ok 1 - appends .docguardignore patterns to an empty config
      ---
      duration_ms: 1.403142
      type: 'test'
      ...
    # Subtest: merges with existing config.ignore, deduping
    ok 2 - merges with existing config.ignore, deduping
      ---
      duration_ms: 0.855968
      type: 'test'
      ...
    # Subtest: is idempotent — second call adds nothing new
    ok 3 - is idempotent — second call adds nothing new
      ---
      duration_ms: 1.113875
      type: 'test'
      ...
    # Subtest: handles config without an ignore array
    ok 4 - handles config without an ignore array
      ---
      duration_ms: 2.176979
      type: 'test'
      ...
    # Subtest: no-op when .docguardignore is missing
    ok 5 - no-op when .docguardignore is missing
      ---
      duration_ms: 0.930426
      type: 'test'
      ...
    1..5
ok 62 - .docguardignore — merge into config.ignore
  ---
  duration_ms: 7.160364
  type: 'suite'
  ...
# Subtest: .docguardignore — end-to-end: shouldIgnore honors merged patterns
    # Subtest: a path matching a .docguardignore glob is ignored
    ok 1 - a path matching a .docguardignore glob is ignored
      ---
      duration_ms: 1.298103
      type: 'test'
      ...
    # Subtest: a path matching a .docguard.json ignore is still ignored after merge
    ok 2 - a path matching a .docguard.json ignore is still ignored after merge
      ---
      duration_ms: 0.825124
      type: 'test'
      ...
    1..2
ok 63 - .docguardignore — end-to-end: shouldIgnore honors merged patterns
  ---
  duration_ms: 2.274866
  type: 'suite'
  ...
# Subtest: Docs-Coverage Validator
    # Subtest: returns default zeroed object if no docs are found
    ok 1 - returns default zeroed object if no docs are found
      ---
      duration_ms: 3.449607
      type: 'test'
      ...
    # Subtest: Check 1: Project-specific config/dotfiles
    ok 2 - Check 1: Project-specific config/dotfiles
      ---
      duration_ms: 8.138604
      type: 'test'
      ...
    # Subtest: Check 1: does NOT flag generated tool artifacts like .coverage
    ok 3 - Check 1: does NOT flag generated tool artifacts like .coverage
      ---
      duration_ms: 2.86188
      type: 'test'
      ...
    # Subtest: Check 2: package.json bins
    ok 4 - Check 2: package.json bins
      ---
      duration_ms: 3.33128
      type: 'test'
      ...
    # Subtest: Check 3: Source Directories
    ok 5 - Check 3: Source Directories
      ---
      duration_ms: 2.41343
      type: 'test'
      ...
    # Subtest: Check 4: Code Referenced Configs
    ok 6 - Check 4: Code Referenced Configs
      ---
      duration_ms: 2.926772
      type: 'test'
      ...
    # Subtest: Check 5: README sections completeness
    ok 7 - Check 5: README sections completeness
      ---
      duration_ms: 2.836861
      type: 'test'
      ...
    # Subtest: FP-3: build outputs and config.ignore
        # Subtest: does not flag cdk.out/ as undocumented source
        ok 1 - does not flag cdk.out/ as undocumented source
          ---
          duration_ms: 2.400579
          type: 'test'
          ...
        # Subtest: honors config.ignore for Check 1 dotfile scan
        ok 2 - honors config.ignore for Check 1 dotfile scan
          ---
          duration_ms: 2.919159
          type: 'test'
          ...
        # Subtest: honors config.ignore for source-dir scan (IR-5)
        ok 3 - honors config.ignore for source-dir scan (IR-5)
          ---
          duration_ms: 2.465708
          type: 'test'
          ...
        1..3
    ok 8 - FP-3: build outputs and config.ignore
      ---
      duration_ms: 8.271996
      type: 'suite'
      ...
    # Subtest: FP-5: CDK-aware documentation
        # Subtest: emits ONE consolidated warning when CDK detected and no Infrastructure section
        ok 1 - emits ONE consolidated warning when CDK detected and no Infrastructure section
          ---
          duration_ms: 2.894229
          type: 'test'
          ...
        # Subtest: does NOT warn when ARCHITECTURE.md has an Infrastructure heading
        ok 2 - does NOT warn when ARCHITECTURE.md has an Infrastructure heading
          ---
          duration_ms: 1.923589
          type: 'test'
          ...
        # Subtest: suppresses generic per-dir warnings inside CDK package when Infra missing
        ok 3 - suppresses generic per-dir warnings inside CDK package when Infra missing
          ---
          duration_ms: 2.571346
          type: 'test'
          ...
        # Subtest: does NOT activate CDK detector on projects without cdk.json
        ok 4 - does NOT activate CDK detector on projects without cdk.json
          ---
          duration_ms: 1.667604
          type: 'test'
          ...
        1..4
    ok 9 - FP-5: CDK-aware documentation
      ---
      duration_ms: 9.326056
      type: 'suite'
      ...
    1..9
ok 64 - Docs-Coverage Validator
  ---
  duration_ms: 45.343084
  type: 'suite'
  ...
# Subtest: Docs-Diff Validator
    # Subtest: handles malformed package.json gracefully
    ok 1 - handles malformed package.json gracefully
      ---
      duration_ms: 3.612667
      type: 'test'
      ...
    # Subtest: detects tech declared only in a sourceRoot package (monorepo)
    ok 2 - detects tech declared only in a sourceRoot package (monorepo)
      ---
      duration_ms: 3.319096
      type: 'test'
      ...
    # Subtest: detects Docker via a Dockerfile (not an npm dependency)
    ok 3 - detects Docker via a Dockerfile (not an npm dependency)
      ---
      duration_ms: 2.3705
      type: 'test'
      ...
    # Subtest: warning includes the offending file path (hugocross bug 4)
        # Subtest: names a missing tech-stack entry
        ok 1 - names a missing tech-stack entry
          ---
          duration_ms: 4.188392
          type: 'test'
          ...
        1..1
    ok 4 - warning includes the offending file path (hugocross bug 4)
      ---
      duration_ms: 4.544178
      type: 'suite'
      ...
    1..4
ok 65 - Docs-Diff Validator
  ---
  duration_ms: 15.524602
  type: 'suite'
  ...
# Subtest: Docs-Sync Validator
    # Subtest: returns empty results if no canonical docs exist
    ok 1 - returns empty results if no canonical docs exist
      ---
      duration_ms: 3.697946
      type: 'test'
      ...
    # Subtest: warns if route file is not mentioned in canonical docs
    ok 2 - warns if route file is not mentioned in canonical docs
      ---
      duration_ms: 3.485667
      type: 'test'
      ...
    # Subtest: passes if route file is mentioned in canonical docs by path
    ok 3 - passes if route file is mentioned in canonical docs by path
      ---
      duration_ms: 6.137997
      type: 'test'
      ...
    # Subtest: passes if route file is mentioned in canonical docs by name
    ok 4 - passes if route file is mentioned in canonical docs by name
      ---
      duration_ms: 2.29647
      type: 'test'
      ...
    # Subtest: warns if service file is not mentioned in canonical docs
    ok 5 - warns if service file is not mentioned in canonical docs
      ---
      duration_ms: 1.69705
      type: 'test'
      ...
    # Subtest: passes if service file is mentioned in canonical docs
    ok 6 - passes if service file is mentioned in canonical docs
      ---
      duration_ms: 1.983625
      type: 'test'
      ...
    # Subtest: cross-checks route files against OpenAPI spec and passes when route path matches
    ok 7 - cross-checks route files against OpenAPI spec and passes when route path matches
      ---
      duration_ms: 2.286622
      type: 'test'
      ...
    # Subtest: cross-checks route files against OpenAPI spec and warns when route not found
    ok 8 - cross-checks route files against OpenAPI spec and warns when route not found
      ---
      duration_ms: 1.917286
      type: 'test'
      ...
    # Subtest: falls back to filename check for OpenAPI spec when no actual routes match
    ok 9 - falls back to filename check for OpenAPI spec when no actual routes match
      ---
      duration_ms: 2.939987
      type: 'test'
      ...
    # Subtest: skips non-source files when checking routes
    ok 10 - skips non-source files when checking routes
      ---
      duration_ms: 2.002852
      type: 'test'
      ...
    # Subtest: FP-1: src/api/ is frontend client, not backend route
        # Subtest: does not treat src/api/*.ts as a route file
        ok 1 - does not treat src/api/*.ts as a route file
          ---
          duration_ms: 1.522259
          type: 'test'
          ...
        # Subtest: only matches route.{ts,js} inside src/app/api (Next.js convention)
        ok 2 - only matches route.{ts,js} inside src/app/api (Next.js convention)
          ---
          duration_ms: 2.151266
          type: 'test'
          ...
        1..2
    ok 11 - FP-1: src/api/ is frontend client, not backend route
      ---
      duration_ms: 3.892396
      type: 'suite'
      ...
    # Subtest: FP-2: test files are not services or routes
        # Subtest: does not flag __tests__/ files in service dirs
        ok 1 - does not flag __tests__/ files in service dirs
          ---
          duration_ms: 1.832908
          type: 'test'
          ...
        # Subtest: does not flag *.test.ts files even without __tests__/ dir
        ok 2 - does not flag *.test.ts files even without __tests__/ dir
          ---
          duration_ms: 1.719441
          type: 'test'
          ...
        # Subtest: does not flag __tests__/ in route dirs (OpenAPI cross-check)
        ok 3 - does not flag __tests__/ in route dirs (OpenAPI cross-check)
          ---
          duration_ms: 1.875809
          type: 'test'
          ...
        # Subtest: still checks non-test files normally (no over-suppression)
        ok 4 - still checks non-test files normally (no over-suppression)
          ---
          duration_ms: 1.701691
          type: 'test'
          ...
        1..4
    ok 12 - FP-2: test files are not services or routes
      ---
      duration_ms: 7.365337
      type: 'suite'
      ...
    1..12
ok 66 - Docs-Sync Validator
  ---
  duration_ms: 42.013466
  type: 'suite'
  ...
# Subtest: validateDrift
    # Subtest: is not-applicable (NOT a fake pass) when no DRIFT comments are found
    ok 1 - is not-applicable (NOT a fake pass) when no DRIFT comments are found
      ---
      duration_ms: 6.638688
      type: 'test'
      ...
    # Subtest: returns errors when DRIFT comments exist but DRIFT-LOG.md is missing
    ok 2 - returns errors when DRIFT comments exist but DRIFT-LOG.md is missing
      ---
      duration_ms: 1.614541
      type: 'test'
      ...
    # Subtest: returns errors when DRIFT comments exist but are not mentioned in DRIFT-LOG.md
    ok 3 - returns errors when DRIFT comments exist but are not mentioned in DRIFT-LOG.md
      ---
      duration_ms: 1.257347
      type: 'test'
      ...
    # Subtest: returns passed when DRIFT comments are correctly logged in DRIFT-LOG.md for various styles
    ok 4 - returns passed when DRIFT comments are correctly logged in DRIFT-LOG.md for various styles
      ---
      duration_ms: 2.079564
      type: 'test'
      ...
    1..4
ok 67 - validateDrift
  ---
  duration_ms: 13.67845
  type: 'suite'
  ...
# Subtest: ensureSkills — idempotent, no per-command rewrite churn
    # Subtest: installs on first run, stays silent on the second
    ok 1 - installs on first run, stays silent on the second
      ---
      duration_ms: 274.30314
      type: 'test'
      ...
    # Subtest: does not rewrite unchanged SKILL.md files (mtimes stable)
    ok 2 - does not rewrite unchanged SKILL.md files (mtimes stable)
      ---
      duration_ms: 386.150597
      type: 'test'
      ...
    # Subtest: every bundled skill carries the docguard:version marker (so the file is self-consistent)
    ok 3 - every bundled skill carries the docguard:version marker (so the file is self-consistent)
      ---
      duration_ms: 0.988994
      type: 'test'
      ...
    1..3
ok 68 - ensureSkills — idempotent, no per-command rewrite churn
  ---
  duration_ms: 663.155171
  type: 'suite'
  ...
# Subtest: grepEnvUsage — schema-defined env vars
    # Subtest: detects Zod env keys validated against process.env
    ok 1 - detects Zod env keys validated against process.env
      ---
      duration_ms: 5.01467
      type: 'test'
      ...
    # Subtest: detects convict env names (in the `env:` property value)
    ok 2 - detects convict env names (in the `env:` property value)
      ---
      duration_ms: 2.15826
      type: 'test'
      ...
    # Subtest: does NOT harvest data-schema keys (parse on non-process.env)
    ok 3 - does NOT harvest data-schema keys (parse on non-process.env)
      ---
      duration_ms: 1.572311
      type: 'test'
      ...
    # Subtest: does not invent env vars in a plain module with no schema
    ok 4 - does not invent env vars in a plain module with no schema
      ---
      duration_ms: 1.889373
      type: 'test'
      ...
    1..4
ok 69 - grepEnvUsage — schema-defined env vars
  ---
  duration_ms: 12.381018
  type: 'suite'
  ...
# Subtest: validateEnvironment
    # Subtest: returns base results if ENVIRONMENT.md is missing
    ok 1 - returns base results if ENVIRONMENT.md is missing
      ---
      duration_ms: 3.987292
      type: 'test'
      ...
    # Subtest: issues warnings if required sections are missing
    ok 2 - issues warnings if required sections are missing
      ---
      duration_ms: 3.061633
      type: 'test'
      ...
    # Subtest: \#\# Setup Steps satisfies the setup section but NOT the Environment Variables section
    ok 3 - \#\# Setup Steps satisfies the setup section but NOT the Environment Variables section
      ---
      duration_ms: 2.540837
      type: 'test'
      ...
    # Subtest: issues a warning if .env.example is referenced but does not exist
    ok 4 - issues a warning if .env.example is referenced but does not exist
      ---
      duration_ms: 6.188561
      type: 'test'
      ...
    # Subtest: passes if .env.example is referenced and exists
    ok 5 - passes if .env.example is referenced and exists
      ---
      duration_ms: 1.841348
      type: 'test'
      ...
    # Subtest: issues a warning if .env exists but .env.example does not
    ok 6 - issues a warning if .env exists but .env.example does not
      ---
      duration_ms: 1.349361
      type: 'test'
      ...
    # Subtest: issues a warning if .env.local exists but .env.example does not
    ok 7 - issues a warning if .env.local exists but .env.example does not
      ---
      duration_ms: 1.453564
      type: 'test'
      ...
    # Subtest: issues a warning if .env.development exists but .env.example does not
    ok 8 - issues a warning if .env.development exists but .env.example does not
      ---
      duration_ms: 1.433793
      type: 'test'
      ...
    # Subtest: bypasses .env.example checks if needsEnvExample is false
    ok 9 - bypasses .env.example checks if needsEnvExample is false
      ---
      duration_ms: 1.506056
      type: 'test'
      ...
    # Subtest: flags an env var used in code (process.env) but not documented
    ok 10 - flags an env var used in code (process.env) but not documented
      ---
      duration_ms: 2.960049
      type: 'test'
      ...
    # Subtest: bypasses .env.example checks if needsEnvVars is false
    ok 11 - bypasses .env.example checks if needsEnvVars is false
      ---
      duration_ms: 0.926846
      type: 'test'
      ...
    # Subtest: recognises env vars in markdown table rows without backticks (hugocross bug 3)
    ok 12 - recognises env vars in markdown table rows without backticks (hugocross bug 3)
      ---
      duration_ms: 1.80442
      type: 'test'
      ...
    # Subtest: detects Python os.environ access patterns (v0.20 bug)
    ok 13 - detects Python os.environ access patterns (v0.20 bug)
      ---
      duration_ms: 2.665582
      type: 'test'
      ...
    1..13
ok 70 - validateEnvironment
  ---
  duration_ms: 33.928927
  type: 'suite'
  ...
# Subtest: explain coverage — every guard validator is explainable
    # Subtest: every display name guard prints resolves in explain
    ok 1 - every display name guard prints resolves in explain
      ---
      duration_ms: 2860.489265
      type: 'test'
      ...
    # Subtest: every validator key guard exposes is in the explain catalog
    ok 2 - every validator key guard exposes is in the explain catalog
      ---
      duration_ms: 113.834878
      type: 'test'
      ...
    # Subtest: the escape hatch docQuality shipped is reachable from explain (the connected insight)
    ok 3 - the escape hatch docQuality shipped is reachable from explain (the connected insight)
      ---
      duration_ms: 115.903656
      type: 'test'
      ...
    # Subtest: the doc-sections N/A marker is discoverable (kebab + display name)
    ok 4 - the doc-sections N/A marker is discoverable (kebab + display name)
      ---
      duration_ms: 471.802291
      type: 'test'
      ...
    1..4
ok 71 - explain coverage — every guard validator is explainable
  ---
  duration_ms: 3758.286655
  type: 'suite'
  ...
# Subtest: field report \#2 — CLI
    # Subtest: \#10: `generate --help` prints usage and scaffolds nothing
    ok 1 - \#10: `generate --help` prints usage and scaffolds nothing
      ---
      duration_ms: 122.960718
      type: 'test'
      ...
    # Subtest: \#7: explain resolves the exact casing guard prints
    ok 2 - \#7: explain resolves the exact casing guard prints
      ---
      duration_ms: 117.510419
      type: 'test'
      ...
    # Subtest: \#6: explain traceability documents the "unlinked doc" check
    ok 3 - \#6: explain traceability documents the "unlinked doc" check
      ---
      duration_ms: 128.770953
      type: 'test'
      ...
    # Subtest: \#1: explain shows how to mute a validator from config
    ok 4 - \#1: explain shows how to mute a validator from config
      ---
      duration_ms: 117.621161
      type: 'test'
      ...
    # Subtest: \#1: an invalid severity value warns on stderr but keeps stdout JSON clean
    ok 5 - \#1: an invalid severity value warns on stderr but keeps stdout JSON clean
      ---
      duration_ms: 191.754838
      type: 'test'
      ...
    # Subtest: \#2: fix agrees with guard — advisory warnings, not "documentation is complete"
    ok 6 - \#2: fix agrees with guard — advisory warnings, not "documentation is complete"
      ---
      duration_ms: 503.873714
      type: 'test'
      ...
    # Subtest: \#4: trace does not list markdown command docs as SECURITY auth modules
    ok 7 - \#4: trace does not list markdown command docs as SECURITY auth modules
      ---
      duration_ms: 166.419855
      type: 'test'
      ...
    1..7
ok 72 - field report \#2 — CLI
  ---
  duration_ms: 1351.182403
  type: 'suite'
  ...
# Subtest: fingerprintFix
    # Subtest: produces a stable 12-char hex digest
    ok 1 - produces a stable 12-char hex digest
      ---
      duration_ms: 1.780396
      type: 'test'
      ...
    # Subtest: differs by type, file, and summary
    ok 2 - differs by type, file, and summary
      ---
      duration_ms: 0.400503
      type: 'test'
      ...
    1..2
ok 73 - fingerprintFix
  ---
  duration_ms: 3.55451
  type: 'suite'
  ...
# Subtest: loadFixMemory
    # Subtest: returns empty shape when no .docguard/fixed.json exists
    ok 1 - returns empty shape when no .docguard/fixed.json exists
      ---
      duration_ms: 2.142741
      type: 'test'
      ...
    # Subtest: handles a malformed JSON file gracefully (no throw)
    ok 2 - handles a malformed JSON file gracefully (no throw)
      ---
      duration_ms: 1.506745
      type: 'test'
      ...
    1..2
ok 74 - loadFixMemory
  ---
  duration_ms: 3.906395
  type: 'suite'
  ...
# Subtest: appendFixes
    # Subtest: creates .docguard/ dir if needed
    ok 1 - creates .docguard/ dir if needed
      ---
      duration_ms: 3.319535
      type: 'test'
      ...
    # Subtest: records new fixes
    ok 2 - records new fixes
      ---
      duration_ms: 14.999602
      type: 'test'
      ...
    # Subtest: dedupes by fingerprint — same fix logged twice = one entry
    ok 3 - dedupes by fingerprint — same fix logged twice = one entry
      ---
      duration_ms: 1.780924
      type: 'test'
      ...
    # Subtest: records appliedBy so we can tell auto-fix from manual runs
    ok 4 - records appliedBy so we can tell auto-fix from manual runs
      ---
      duration_ms: 1.007269
      type: 'test'
      ...
    # Subtest: persists JSON in a parseable, human-readable form
    ok 5 - persists JSON in a parseable, human-readable form
      ---
      duration_ms: 1.372765
      type: 'test'
      ...
    1..5
ok 75 - appendFixes
  ---
  duration_ms: 23.300553
  type: 'suite'
  ...
# Subtest: isFixRecorded
    # Subtest: returns false before the fix is recorded
    ok 1 - returns false before the fix is recorded
      ---
      duration_ms: 0.781508
      type: 'test'
      ...
    # Subtest: returns true after appendFixes records the same fingerprint
    ok 2 - returns true after appendFixes records the same fingerprint
      ---
      duration_ms: 1.20686
      type: 'test'
      ...
    1..2
ok 76 - isFixRecorded
  ---
  duration_ms: 2.151882
  type: 'suite'
  ...
# Subtest: shouldSuppressFix — ping-pong gate
    # Subtest: does NOT suppress when the fix has never been recorded
    ok 1 - does NOT suppress when the fix has never been recorded
      ---
      duration_ms: 2.889513
      type: 'test'
      ...
    # Subtest: does NOT suppress after a single apply (count = 1, below threshold = 2)
    ok 2 - does NOT suppress after a single apply (count = 1, below threshold = 2)
      ---
      duration_ms: 1.876631
      type: 'test'
      ...
    # Subtest: suppresses after two applies (count >= threshold)
    ok 3 - suppresses after two applies (count >= threshold)
      ---
      duration_ms: 2.16733
      type: 'test'
      ...
    # Subtest: respects a custom pingPongThreshold
    ok 4 - respects a custom pingPongThreshold
      ---
      duration_ms: 1.481346
      type: 'test'
      ...
    # Subtest: force: true overrides suppression entirely
    ok 5 - force: true overrides suppression entirely
      ---
      duration_ms: 4.302982
      type: 'test'
      ...
    1..5
ok 77 - shouldSuppressFix — ping-pong gate
  ---
  duration_ms: 14.240508
  type: 'suite'
  ...
# Subtest: appendFixes — applyCount tracking
    # Subtest: starts applyCount at 1 for a fresh fix
    ok 1 - starts applyCount at 1 for a fresh fix
      ---
      duration_ms: 1.354677
      type: 'test'
      ...
    # Subtest: increments applyCount on each re-apply of the same fingerprint
    ok 2 - increments applyCount on each re-apply of the same fingerprint
      ---
      duration_ms: 1.764429
      type: 'test'
      ...
    # Subtest: preserves firstAppliedAt across applies
    ok 3 - preserves firstAppliedAt across applies
      ---
      duration_ms: 1.411379
      type: 'test'
      ...
    # Subtest: different fixes have independent applyCount
    ok 4 - different fixes have independent applyCount
      ---
      duration_ms: 15.353721
      type: 'test'
      ...
    1..4
ok 78 - appendFixes — applyCount tracking
  ---
  duration_ms: 20.457652
  type: 'suite'
  ...
# Subtest: multi-fixture test harness
    # Subtest: nextjs-webapp: completes guard without any validator throwing
    ok 1 - nextjs-webapp: completes guard without any validator throwing
      ---
      duration_ms: 99.589489
      type: 'test'
      ...
    # Subtest: vite-frontend: completes guard without any validator throwing
    ok 2 - vite-frontend: completes guard without any validator throwing
      ---
      duration_ms: 57.384573
      type: 'test'
      ...
    # Subtest: express-backend: completes guard without any validator throwing
    ok 3 - express-backend: completes guard without any validator throwing
      ---
      duration_ms: 59.209192
      type: 'test'
      ...
    # Subtest: python-cli: completes guard without any validator throwing
    ok 4 - python-cli: completes guard without any validator throwing
      ---
      duration_ms: 49.280813
      type: 'test'
      ...
    # Subtest: rust-lib: completes guard without any validator throwing
    ok 5 - rust-lib: completes guard without any validator throwing
      ---
      duration_ms: 50.947365
      type: 'test'
      ...
    # Subtest: all 22 validators register in every fixture (no silent failure)
    ok 6 - all 22 validators register in every fixture (no silent failure)
      ---
      duration_ms: 52.830808
      type: 'test'
      ...
    1..6
ok 79 - multi-fixture test harness
  ---
  duration_ms: 371.146772
  type: 'suite'
  ...
# Subtest: readLastReviewedDate — future dates cannot mask staleness
    # Subtest: reads a valid past-dated header
    ok 1 - reads a valid past-dated header
      ---
      duration_ms: 3.360413
      type: 'test'
      ...
    # Subtest: ignores a future-dated header (returns null → falls back to git date)
    ok 2 - ignores a future-dated header (returns null → falls back to git date)
      ---
      duration_ms: 1.198466
      type: 'test'
      ...
    # Subtest: returns null when no header is present
    ok 3 - returns null when no header is present
      ---
      duration_ms: 1.312561
      type: 'test'
      ...
    1..3
ok 80 - readLastReviewedDate — future dates cannot mask staleness
  ---
  duration_ms: 7.581023
  type: 'suite'
  ...
# Subtest: Freshness Validator
    # Subtest: skips when the directory is not a git repository
    ok 1 - skips when the directory is not a git repository
      ---
      duration_ms: 8.352135
      type: 'test'
      ...
    # Subtest: skips when the repository has fewer than 3 commits
    ok 2 - skips when the repository has fewer than 3 commits
      ---
      duration_ms: 56.461447
      type: 'test'
      ...
    # Subtest: warns when doc files are untracked in git
    ok 3 - warns when doc files are untracked in git
      ---
      duration_ms: 98.694118
      type: 'test'
      ...
    # Subtest: passes when a doc file is tracked and fresh
    ok 4 - passes when a doc file is tracked and fresh
      ---
      duration_ms: 101.853055
      type: 'test'
      ...
    # Subtest: warns when a doc file is stale (>10 code commits since doc update)
    ok 5 - warns when a doc file is stale (>10 code commits since doc update)
      ---
      duration_ms: 299.932206
      type: 'test'
      ...
    # Subtest: a same-day last-reviewed header covers code commits made that same day
    ok 6 - a same-day last-reviewed header covers code commits made that same day
      ---
      duration_ms: 292.564888
      type: 'test'
      ...
    # Subtest: warns when a doc file is stale (>30 days since latest code commit)
    ok 7 - warns when a doc file is stale (>30 days since latest code commit)
      ---
      duration_ms: 103.340892
      type: 'test'
      ...
    # Subtest: docguard:last-reviewed header
        # Subtest: a today-dated header suppresses the stale-doc warning
        ok 1 - a today-dated header suppresses the stale-doc warning
          ---
          duration_ms: 116.185615
          type: 'test'
          ...
        # Subtest: a stale-dated header does NOT suppress the warning
        ok 2 - a stale-dated header does NOT suppress the warning
          ---
          duration_ms: 120.580857
          type: 'test'
          ...
        1..2
    ok 8 - docguard:last-reviewed header
      ---
      duration_ms: 236.998754
      type: 'suite'
      ...
    1..8
ok 81 - Freshness Validator
  ---
  duration_ms: 1199.332445
  type: 'suite'
  ...
# Subtest: frontend deep scan — stores, hooks, contexts, api calls
    # Subtest: detects Zustand, Redux Toolkit, Jotai, MobX stores
    ok 1 - detects Zustand, Redux Toolkit, Jotai, MobX stores
      ---
      duration_ms: 33.55231
      type: 'test'
      ...
    # Subtest: inventories exported custom hooks (use*) and skips tests/stories
    ok 2 - inventories exported custom hooks (use*) and skips tests/stories
      ---
      duration_ms: 4.422577
      type: 'test'
      ...
    # Subtest: detects React Contexts
    ok 3 - detects React Contexts
      ---
      duration_ms: 3.261354
      type: 'test'
      ...
    # Subtest: maps API calls (axios/fetch/custom client) to method + path
    ok 4 - maps API calls (axios/fetch/custom client) to method + path
      ---
      duration_ms: 3.404118
      type: 'test'
      ...
    1..4
ok 82 - frontend deep scan — stores, hooks, contexts, api calls
  ---
  duration_ms: 46.267361
  type: 'suite'
  ...
# Subtest: frontend scanner
    # Subtest: extracts React Router screens and unwraps guard/layout wrappers
    ok 1 - extracts React Router screens and unwraps guard/layout wrappers
      ---
      duration_ms: 22.394374
      type: 'test'
      ...
    # Subtest: normalizes route params to {param}
    ok 2 - normalizes route params to {param}
      ---
      duration_ms: 5.630351
      type: 'test'
      ...
    # Subtest: extracts Next.js App Router screens from page files
    ok 3 - extracts Next.js App Router screens from page files
      ---
      duration_ms: 5.4398
      type: 'test'
      ...
    # Subtest: extracts Next.js Pages Router screens, excluding api and _files
    ok 4 - extracts Next.js Pages Router screens, excluding api and _files
      ---
      duration_ms: 3.967715
      type: 'test'
      ...
    # Subtest: inventories components under components/ dirs, skipping tests/stories
    ok 5 - inventories components under components/ dirs, skipping tests/stories
      ---
      duration_ms: 4.796892
      type: 'test'
      ...
    1..5
ok 83 - frontend scanner
  ---
  duration_ms: 43.942001
  type: 'suite'
  ...
# Subtest: validateGeneratedStaleness
    # Subtest: is N/A when no canonical docs exist
    ok 1 - is N/A when no canonical docs exist
      ---
      duration_ms: 3.058441
      type: 'test'
      ...
    # Subtest: is N/A when no source=code sections present
    ok 2 - is N/A when no source=code sections present
      ---
      duration_ms: 2.075047
      type: 'test'
      ...
    # Subtest: runs cleanly on a non-trivial project (smoke test)
    ok 3 - runs cleanly on a non-trivial project (smoke test)
      ---
      duration_ms: 2.642652
      type: 'test'
      ...
    # Subtest: S-7: warns when a status:draft doc has gone stale (mtime > threshold)
    ok 4 - S-7: warns when a status:draft doc has gone stale (mtime > threshold)
      ---
      duration_ms: 303.78492
      type: 'test'
      ...
    # Subtest: S-7: does NOT warn when a status:draft doc is freshly modified
    ok 5 - S-7: does NOT warn when a status:draft doc is freshly modified
      ---
      duration_ms: 9.150119
      type: 'test'
      ...
    # Subtest: S-7: respects config.draftStalenessDays override
    ok 6 - S-7: respects config.draftStalenessDays override
      ---
      duration_ms: 8.886095
      type: 'test'
      ...
    # Subtest: flags a stale section when on-disk content differs from scanner output
    ok 7 - flags a stale section when on-disk content differs from scanner output
      ---
      duration_ms: 7.943423
      type: 'test'
      ...
    1..7
ok 84 - validateGeneratedStaleness
  ---
  duration_ms: 339.620703
  type: 'suite'
  ...
# Subtest: guard classifyResult — N/A vs pass
    # Subtest: classifies an empty result (total 0, no findings) as N/A, NOT pass
    ok 1 - classifies an empty result (total 0, no findings) as N/A, NOT pass
      ---
      duration_ms: 1.33816
      type: 'test'
      ...
    # Subtest: respects an explicit applicable:false even when total > 0
    ok 2 - respects an explicit applicable:false even when total > 0
      ---
      duration_ms: 0.257754
      type: 'test'
      ...
    # Subtest: classifies a real clean check as a HIGH pass
    ok 3 - classifies a real clean check as a HIGH pass
      ---
      duration_ms: 0.277008
      type: 'test'
      ...
    # Subtest: classifies a partial pass (<90%) as MEDIUM
    ok 4 - classifies a partial pass (<90%) as MEDIUM
      ---
      duration_ms: 0.178674
      type: 'test'
      ...
    # Subtest: warnings → warn/MEDIUM even when total is 0
    ok 5 - warnings → warn/MEDIUM even when total is 0
      ---
      duration_ms: 0.194094
      type: 'test'
      ...
    # Subtest: errors → fail/LOW
    ok 6 - errors → fail/LOW
      ---
      duration_ms: 0.189722
      type: 'test'
      ...
    1..6
ok 85 - guard classifyResult — N/A vs pass
  ---
  duration_ms: 4.073983
  type: 'suite'
  ...
# Subtest: guard — no validator throws a ReferenceError-shape error
    # Subtest: runs all validators end-to-end without leaking developer errors
    ok 1 - runs all validators end-to-end without leaking developer errors
      ---
      duration_ms: 92.552331
      type: 'test'
      ...
    # Subtest: Freshness specifically does not throw even when shared-git is partially broken
    ok 2 - Freshness specifically does not throw even when shared-git is partially broken
      ---
      duration_ms: 54.139252
      type: 'test'
      ...
    1..2
ok 86 - guard — no validator throws a ReferenceError-shape error
  ---
  duration_ms: 148.269073
  type: 'suite'
  ...
# Subtest: runHooks function
    # Subtest: installs hooks
    ok 1 - installs hooks
      ---
      duration_ms: 9.984607
      type: 'test'
      ...
    # Subtest: fails if not a git repository
    ok 2 - fails if not a git repository
      ---
      duration_ms: 4.706498
      type: 'test'
      ...
    # Subtest: fails with unknown hook type
    ok 3 - fails with unknown hook type
      ---
      duration_ms: 6.709415
      type: 'test'
      ...
    # Subtest: lists available hooks
    ok 4 - lists available hooks
      ---
      duration_ms: 5.698656
      type: 'test'
      ...
    # Subtest: removes hooks
    ok 5 - removes hooks
      ---
      duration_ms: 5.826205
      type: 'test'
      ...
    # Subtest: skips non-DocGuard hooks when removing
    ok 6 - skips non-DocGuard hooks when removing
      ---
      duration_ms: 5.497631
      type: 'test'
      ...
    # Subtest: skips existing non-DocGuard hooks when installing without force
    ok 7 - skips existing non-DocGuard hooks when installing without force
      ---
      duration_ms: 5.995839
      type: 'test'
      ...
    # Subtest: overwrites existing hooks when installing with force
    ok 8 - overwrites existing hooks when installing with force
      ---
      duration_ms: 5.403054
      type: 'test'
      ...
    # Subtest: refuses to overwrite legacy DocGuard hooks (pre-v0.16, no markers) without --force
    ok 9 - refuses to overwrite legacy DocGuard hooks (pre-v0.16, no markers) without --force
      ---
      duration_ms: 6.274889
      type: 'test'
      ...
    # Subtest: splices managed-block content on re-install (preserves user content around it)
    ok 10 - splices managed-block content on re-install (preserves user content around it)
      ---
      duration_ms: 10.572168
      type: 'test'
      ...
    1..10
ok 87 - runHooks function
  ---
  duration_ms: 68.952731
  type: 'suite'
  ...
# Subtest: frontend i18n scanner
    # Subtest: extracts t(...) keys and i18nKey props, reads locale JSONs, flags missing keys
    ok 1 - extracts t(...) keys and i18nKey props, reads locale JSONs, flags missing keys
      ---
      duration_ms: 16.065892
      type: 'test'
      ...
    # Subtest: returns empty when there are no translation calls
    ok 2 - returns empty when there are no translation calls
      ---
      duration_ms: 2.50779
      type: 'test'
      ...
    1..2
ok 88 - frontend i18n scanner
  ---
  duration_ms: 20.199037
  type: 'suite'
  ...
# Subtest: docguard impact
    # Subtest: exits 1 when not in a git repo
    ok 1 - exits 1 when not in a git repo
      ---
      duration_ms: 141.457821
      type: 'test'
      ...
    # Subtest: reports per-file → doc mappings for changed code files
    ok 2 - reports per-file → doc mappings for changed code files
      ---
      duration_ms: 189.636948
      type: 'test'
      ...
    # Subtest: lists orphaned files (no doc references)
    ok 3 - lists orphaned files (no doc references)
      ---
      duration_ms: 185.335383
      type: 'test'
      ...
    # Subtest: --format json emits parseable structured output
    ok 4 - --format json emits parseable structured output
      ---
      duration_ms: 169.29925
      type: 'test'
      ...
    # Subtest: skips non-code files (.md, .json) from impact analysis
    ok 5 - skips non-code files (.md, .json) from impact analysis
      ---
      duration_ms: 176.97683
      type: 'test'
      ...
    1..5
ok 89 - docguard impact
  ---
  duration_ms: 864.643597
  type: 'suite'
  ...
# Subtest: v0.21 — smart init first-run detection
    # Subtest: empty directory uses the skeleton path (backward compat)
    ok 1 - empty directory uses the skeleton path (backward compat)
      ---
      duration_ms: 173.829131
      type: 'test'
      ...
    # Subtest: directory with src/ triggers smart mode → dispatches to generate
    ok 2 - directory with src/ triggers smart mode → dispatches to generate
      ---
      duration_ms: 496.7468
      type: 'test'
      ...
    # Subtest: directory with cli/ triggers smart mode
    ok 3 - directory with cli/ triggers smart mode
      ---
      duration_ms: 477.933315
      type: 'test'
      ...
    # Subtest: --skeleton forces skeleton path even with src/ present
    ok 4 - --skeleton forces skeleton path even with src/ present
      ---
      duration_ms: 167.740839
      type: 'test'
      ...
    # Subtest: --skip-prompts keeps skeleton path (CI determinism)
    ok 5 - --skip-prompts keeps skeleton path (CI determinism)
      ---
      duration_ms: 179.684854
      type: 'test'
      ...
    # Subtest: pre-existing canonical doc → skip smart mode (treats as re-init)
    ok 6 - pre-existing canonical doc → skip smart mode (treats as re-init)
      ---
      duration_ms: 171.773413
      type: 'test'
      ...
    # Subtest: 10+ top-level source files (Python style) triggers smart mode
    ok 7 - 10+ top-level source files (Python style) triggers smart mode
      ---
      duration_ms: 742.597585
      type: 'test'
      ...
    # Subtest: fewer than 10 top-level files + no code dir → skeleton path
    ok 8 - fewer than 10 top-level files + no code dir → skeleton path
      ---
      duration_ms: 171.15191
      type: 'test'
      ...
    1..8
ok 90 - v0.21 — smart init first-run detection
  ---
  duration_ms: 2583.441135
  type: 'suite'
  ...
# Subtest: integrations scanner
    # Subtest: detects polyglot integrations: AWS in JS + Stripe in Python
    ok 1 - detects polyglot integrations: AWS in JS + Stripe in Python
      ---
      duration_ms: 18.442284
      type: 'test'
      ...
    # Subtest: returns empty when no recognized SDKs are present
    ok 2 - returns empty when no recognized SDKs are present
      ---
      duration_ms: 1.205844
      type: 'test'
      ...
    1..2
ok 91 - integrations scanner
  ---
  duration_ms: 21.013092
  type: 'suite'
  ...
# Subtest: memory plan — extended doc set
    # Subtest: webapp plan includes ARCHITECTURE + FEATURES + INTEGRATIONS + docs-implementation
    ok 1 - webapp plan includes ARCHITECTURE + FEATURES + INTEGRATIONS + docs-implementation
      ---
      duration_ms: 324.259992
      type: 'test'
      ...
    # Subtest: a project with no integrations and no UI omits INTEGRATIONS.md and FEATURES.md
    ok 2 - a project with no integrations and no UI omits INTEGRATIONS.md and FEATURES.md
      ---
      duration_ms: 8.890769
      type: 'test'
      ...
    1..2
ok 92 - memory plan — extended doc set
  ---
  duration_ms: 333.508062
  type: 'suite'
  ...
# Subtest: parseJsTs
    # Subtest: parses TypeScript with types + decorators
    not ok 1 - parses TypeScript with types + decorators
      ---
      duration_ms: 2.174075
      type: 'test'
      location: '/app/tests/js-ast.test.mjs:13:3'
      failureType: 'testCodeFailure'
      error: |-
        Expected values to be strictly equal:

        false !== true

      code: 'ERR_ASSERTION'
      name: 'AssertionError'
      expected: true
      actual: false
      operator: 'strictEqual'
      stack: |-
        TestContext.<anonymous> (file:///app/tests/js-ast.test.mjs:15:12)
        Test.runInAsyncScope (node:async_hooks:214:14)
        Test.run (node:internal/test_runner/test:1047:25)
        Test.start (node:internal/test_runner/test:944:17)
        node:internal/test_runner/test:1440:71
        node:internal/per_context/primordials:466:82
        new Promise (<anonymous>)
        new SafePromise (node:internal/per_context/primordials:435:3)
        node:internal/per_context/primordials:466:9
        Array.map (<anonymous>)
      ...
    # Subtest: parses TSX (JSX + types)
    not ok 2 - parses TSX (JSX + types)
      ---
      duration_ms: 0.421488
      type: 'test'
      location: '/app/tests/js-ast.test.mjs:19:3'
      failureType: 'testCodeFailure'
      error: |-
        Expected values to be strictly equal:

        false !== true

      code: 'ERR_ASSERTION'
      name: 'AssertionError'
      expected: true
      actual: false
      operator: 'strictEqual'
      stack: |-
        TestContext.<anonymous> (file:///app/tests/js-ast.test.mjs:21:12)
        Test.runInAsyncScope (node:async_hooks:214:14)
        Test.run (node:internal/test_runner/test:1047:25)
        Suite.processPendingSubtests (node:internal/test_runner/test:744:18)
        Test.postRun (node:internal/test_runner/test:1173:19)
        Test.run (node:internal/test_runner/test:1101:12)
        async Promise.all (index 0)
        async Suite.run (node:internal/test_runner/test:1442:7)
        async startSubtestAfterBootstrap (node:internal/test_runner/harness:296:3)
      ...
    # Subtest: reports ok:false with a message on genuinely unparseable input
    ok 3 - reports ok:false with a message on genuinely unparseable input
      ---
      duration_ms: 0.307444
      type: 'test'
      ...
    1..3
not ok 93 - parseJsTs
  ---
  duration_ms: 4.341797
  type: 'suite'
  location: '/app/tests/js-ast.test.mjs:12:1'
  failureType: 'subtestsFailed'
  error: '2 subtests failed'
  code: 'ERR_TEST_FAILURE'
  ...
# Subtest: extractJsSchemaBodies — balanced bodies (the brace-truncation fix)
    # Subtest: keeps a NESTED z.object intact (old regex stopped at the first })
    not ok 1 - keeps a NESTED z.object intact (old regex stopped at the first })
      ---
      duration_ms: 8.088348
      type: 'test'
      location: '/app/tests/js-ast.test.mjs:34:3'
      failureType: 'testCodeFailure'
      error: |-
        The expression evaluated to a falsy value:

          assert.ok(Array.isArray(got))

      code: 'ERR_ASSERTION'
      name: 'AssertionError'
      expected: true
      actual: false
      operator: '=='
      stack: |-
        TestContext.<anonymous> (file:///app/tests/js-ast.test.mjs:44:12)
        Test.runInAsyncScope (node:async_hooks:214:14)
        Test.run (node:internal/test_runner/test:1047:25)
        Test.start (node:internal/test_runner/test:944:17)
        node:internal/test_runner/test:1440:71
        node:internal/per_context/primordials:466:82
        new Promise (<anonymous>)
        new SafePromise (node:internal/per_context/primordials:435:3)
        node:internal/per_context/primordials:466:9
        Array.map (<anonymous>)
      ...
    # Subtest: extracts a Mongoose schema with nested field-option objects
    not ok 2 - extracts a Mongoose schema with nested field-option objects
      ---
      duration_ms: 0.256298
      type: 'test'
      location: '/app/tests/js-ast.test.mjs:54:3'
      failureType: 'testCodeFailure'
      error: "Cannot read properties of null (reading 'find')"
      code: 'ERR_TEST_FAILURE'
      name: 'TypeError'
      stack: |-
        TestContext.<anonymous> (file:///app/tests/js-ast.test.mjs:63:19)
        Test.runInAsyncScope (node:async_hooks:214:14)
        Test.run (node:internal/test_runner/test:1047:25)
        Suite.processPendingSubtests (node:internal/test_runner/test:744:18)
        Test.postRun (node:internal/test_runner/test:1173:19)
        Test.run (node:internal/test_runner/test:1101:12)
        async Promise.all (index 0)
        async Suite.run (node:internal/test_runner/test:1442:7)
        async Test.processPendingSubtests (node:internal/test_runner/test:744:7)
      ...
    # Subtest: extracts a Drizzle table with its table name
    not ok 3 - extracts a Drizzle table with its table name
      ---
      duration_ms: 0.185034
      type: 'test'
      location: '/app/tests/js-ast.test.mjs:70:3'
      failureType: 'testCodeFailure'
      error: "Cannot read properties of null (reading 'find')"
      code: 'ERR_TEST_FAILURE'
      name: 'TypeError'
      stack: |-
        TestContext.<anonymous> (file:///app/tests/js-ast.test.mjs:79:19)
        Test.runInAsyncScope (node:async_hooks:214:14)
        Test.run (node:internal/test_runner/test:1047:25)
        Suite.processPendingSubtests (node:internal/test_runner/test:744:18)
        Test.postRun (node:internal/test_runner/test:1173:19)
        Test.run (node:internal/test_runner/test:1101:12)
        async Suite.processPendingSubtests (node:internal/test_runner/test:744:7)
      ...
    # Subtest: returns null (not []) when the file cannot be parsed
    ok 4 - returns null (not []) when the file cannot be parsed
      ---
      duration_ms: 0.390258
      type: 'test'
      ...
    # Subtest: returns [] for a valid file with no schemas
    not ok 5 - returns [] for a valid file with no schemas
      ---
      duration_ms: 0.969407
      type: 'test'
      location: '/app/tests/js-ast.test.mjs:91:3'
      failureType: 'testCodeFailure'
      error: |-
        Expected values to be strictly deep-equal:

        null !== []

      code: 'ERR_ASSERTION'
      name: 'AssertionError'
      expected:
      actual: ~
      operator: 'deepStrictEqual'
      stack: |-
        TestContext.<anonymous> (file:///app/tests/js-ast.test.mjs:93:12)
        Test.runInAsyncScope (node:async_hooks:214:14)
        Test.run (node:internal/test_runner/test:1047:25)
        Suite.processPendingSubtests (node:internal/test_runner/test:744:18)
        Test.postRun (node:internal/test_runner/test:1173:19)
        Test.run (node:internal/test_runner/test:1101:12)
        async Suite.processPendingSubtests (node:internal/test_runner/test:744:7)
      ...
    1..5
not ok 94 - extractJsSchemaBodies — balanced bodies (the brace-truncation fix)
  ---
  duration_ms: 10.561527
  type: 'suite'
  location: '/app/tests/js-ast.test.mjs:33:1'
  failureType: 'subtestsFailed'
  error: '4 subtests failed'
  code: 'ERR_TEST_FAILURE'
  ...
# Subtest: extractJsRouteCalls — AST route registration (the routes migration)
    # Subtest: matches ANY router receiver, not just app/router/server
    not ok 1 - matches ANY router receiver, not just app/router/server
      ---
      duration_ms: 0.55355
      type: 'test'
      location: '/app/tests/js-ast.test.mjs:98:3'
      failureType: 'testCodeFailure'
      error: "Cannot read properties of null (reading 'map')"
      code: 'ERR_TEST_FAILURE'
      name: 'TypeError'
      stack: |-
        TestContext.<anonymous> (file:///app/tests/js-ast.test.mjs:105:21)
        Test.runInAsyncScope (node:async_hooks:214:14)
        Test.run (node:internal/test_runner/test:1047:25)
        Test.start (node:internal/test_runner/test:944:17)
        node:internal/test_runner/test:1440:71
        node:internal/per_context/primordials:466:82
        new Promise (<anonymous>)
        new SafePromise (node:internal/per_context/primordials:435:3)
        node:internal/per_context/primordials:466:9
        Array.map (<anonymous>)
      ...
    # Subtest: survives multi-line calls and reads template-literal paths
    not ok 2 - survives multi-line calls and reads template-literal paths
      ---
      duration_ms: 0.402499
      type: 'test'
      location: '/app/tests/js-ast.test.mjs:109:3'
      failureType: 'testCodeFailure'
      error: "Cannot read properties of null (reading 'map')"
      code: 'ERR_TEST_FAILURE'
      name: 'TypeError'
      stack: |-
        TestContext.<anonymous> (file:///app/tests/js-ast.test.mjs:118:49)
        Test.runInAsyncScope (node:async_hooks:214:14)
        Test.run (node:internal/test_runner/test:1047:25)
        Suite.processPendingSubtests (node:internal/test_runner/test:744:18)
        Test.postRun (node:internal/test_runner/test:1173:19)
        Test.run (node:internal/test_runner/test:1101:12)
        async Promise.all (index 0)
        async Suite.run (node:internal/test_runner/test:1442:7)
        async Test.processPendingSubtests (node:internal/test_runner/test:744:7)
      ...
    # Subtest: excludes non-route .get()/.post() (path must start with / or be *)
    not ok 3 - excludes non-route .get()/.post() (path must start with / or be *)
      ---
      duration_ms: 0.257404
      type: 'test'
      location: '/app/tests/js-ast.test.mjs:122:3'
      failureType: 'testCodeFailure'
      error: "Cannot read properties of null (reading 'map')"
      code: 'ERR_TEST_FAILURE'
      name: 'TypeError'
      stack: |-
        TestContext.<anonymous> (file:///app/tests/js-ast.test.mjs:130:26)
        Test.runInAsyncScope (node:async_hooks:214:14)
        Test.run (node:internal/test_runner/test:1047:25)
        Suite.processPendingSubtests (node:internal/test_runner/test:744:18)
        Test.postRun (node:internal/test_runner/test:1173:19)
        Test.run (node:internal/test_runner/test:1101:12)
        async Suite.processPendingSubtests (node:internal/test_runner/test:744:7)
      ...
    # Subtest: returns null when the file is unparseable (caller falls back to regex)
    ok 4 - returns null when the file is unparseable (caller falls back to regex)
      ---
      duration_ms: 0.156
      type: 'test'
      ...
    # Subtest: reports the receiver identifier (for mount-prefix resolution)
    not ok 5 - reports the receiver identifier (for mount-prefix resolution)
      ---
      duration_ms: 0.163215
      type: 'test'
      location: '/app/tests/js-ast.test.mjs:138:3'
      failureType: 'testCodeFailure'
      error: "Cannot read properties of null (reading 'map')"
      code: 'ERR_TEST_FAILURE'
      name: 'TypeError'
      stack: |-
        TestContext.<anonymous> (file:///app/tests/js-ast.test.mjs:144:43)
        Test.runInAsyncScope (node:async_hooks:214:14)
        Test.run (node:internal/test_runner/test:1047:25)
        Suite.processPendingSubtests (node:internal/test_runner/test:744:18)
        Test.postRun (node:internal/test_runner/test:1173:19)
        Test.run (node:internal/test_runner/test:1101:12)
        async Suite.processPendingSubtests (node:internal/test_runner/test:744:7)
      ...
    1..5
not ok 95 - extractJsRouteCalls — AST route registration (the routes migration)
  ---
  duration_ms: 1.931497
  type: 'suite'
  location: '/app/tests/js-ast.test.mjs:97:1'
  failureType: 'subtestsFailed'
  error: '4 subtests failed'
  code: 'ERR_TEST_FAILURE'
  ...
# Subtest: extractJsMountsAndImports — mount-prefix resolution inputs
    # Subtest: captures import bindings (import + require) and mount calls
    not ok 1 - captures import bindings (import + require) and mount calls
      ---
      duration_ms: 0.412834
      type: 'test'
      location: '/app/tests/js-ast.test.mjs:151:3'
      failureType: 'testCodeFailure'
      error: "Cannot read properties of null (reading 'imports')"
      code: 'ERR_TEST_FAILURE'
      name: 'TypeError'
      stack: |-
        TestContext.<anonymous> (file:///app/tests/js-ast.test.mjs:160:28)
        Test.runInAsyncScope (node:async_hooks:214:14)
        Test.run (node:internal/test_runner/test:1047:25)
        Test.start (node:internal/test_runner/test:944:17)
        node:internal/test_runner/test:1440:71
        node:internal/per_context/primordials:466:82
        new Promise (<anonymous>)
        new SafePromise (node:internal/per_context/primordials:435:3)
        node:internal/per_context/primordials:466:9
        Array.map (<anonymous>)
      ...
    # Subtest: ignores non-string-literal (dynamic) mount prefixes
    not ok 2 - ignores non-string-literal (dynamic) mount prefixes
      ---
      duration_ms: 0.140769
      type: 'test'
      location: '/app/tests/js-ast.test.mjs:166:3'
      failureType: 'testCodeFailure'
      error: "Cannot read properties of null (reading 'mounts')"
      code: 'ERR_TEST_FAILURE'
      name: 'TypeError'
      stack: |-
        TestContext.<anonymous> (file:///app/tests/js-ast.test.mjs:168:26)
        Test.runInAsyncScope (node:async_hooks:214:14)
        Test.run (node:internal/test_runner/test:1047:25)
        Suite.processPendingSubtests (node:internal/test_runner/test:744:18)
        Test.postRun (node:internal/test_runner/test:1173:19)
        Test.run (node:internal/test_runner/test:1101:12)
        async Promise.all (index 0)
        async Suite.run (node:internal/test_runner/test:1442:7)
        async Test.processPendingSubtests (node:internal/test_runner/test:744:7)
      ...
    # Subtest: returns null on parse failure (caller keeps bare paths)
    ok 3 - returns null on parse failure (caller keeps bare paths)
      ---
      duration_ms: 0.166294
      type: 'test'
      ...
    1..3
not ok 96 - extractJsMountsAndImports — mount-prefix resolution inputs
  ---
  duration_ms: 0.90623
  type: 'suite'
  location: '/app/tests/js-ast.test.mjs:150:1'
  failureType: 'subtestsFailed'
  error: '2 subtests failed'
  code: 'ERR_TEST_FAILURE'
  ...
# Subtest: extractJsRouteObjects — Fastify declarative route form
    # Subtest: reads method + url, including method arrays and the path: alias
    not ok 1 - reads method + url, including method arrays and the path: alias
      ---
      duration_ms: 0.456701
      type: 'test'
      location: '/app/tests/js-ast.test.mjs:177:3'
      failureType: 'testCodeFailure'
      error: "Cannot read properties of null (reading 'map')"
      code: 'ERR_TEST_FAILURE'
      name: 'TypeError'
      stack: |-
        TestContext.<anonymous> (file:///app/tests/js-ast.test.mjs:183:51)
        Test.runInAsyncScope (node:async_hooks:214:14)
        Test.run (node:internal/test_runner/test:1047:25)
        Test.start (node:internal/test_runner/test:944:17)
        node:internal/test_runner/test:1440:71
        node:internal/per_context/primordials:466:82
        new Promise (<anonymous>)
        new SafePromise (node:internal/per_context/primordials:435:3)
        node:internal/per_context/primordials:466:9
        Array.map (<anonymous>)
      ...
    # Subtest: ignores .route() calls without a usable url/method
    not ok 2 - ignores .route() calls without a usable url/method
      ---
      duration_ms: 0.283326
      type: 'test'
      location: '/app/tests/js-ast.test.mjs:187:3'
      failureType: 'testCodeFailure'
      error: |-
        Expected values to be strictly deep-equal:

        null !== []

      code: 'ERR_ASSERTION'
      name: 'AssertionError'
      expected:
      actual: ~
      operator: 'deepStrictEqual'
      stack: |-
        TestContext.<anonymous> (file:///app/tests/js-ast.test.mjs:189:12)
        Test.runInAsyncScope (node:async_hooks:214:14)
        Test.run (node:internal/test_runner/test:1047:25)
        Suite.processPendingSubtests (node:internal/test_runner/test:744:18)
        Test.postRun (node:internal/test_runner/test:1173:19)
        Test.run (node:internal/test_runner/test:1101:12)
        async Promise.all (index 0)
        async Suite.run (node:internal/test_runner/test:1442:7)
        async Test.processPendingSubtests (node:internal/test_runner/test:744:7)
      ...
    # Subtest: returns null on parse failure
    ok 3 - returns null on parse failure
      ---
      duration_ms: 0.120731
      type: 'test'
      ...
    1..3
not ok 97 - extractJsRouteObjects — Fastify declarative route form
  ---
  duration_ms: 1.020583
  type: 'suite'
  location: '/app/tests/js-ast.test.mjs:176:1'
  failureType: 'subtestsFailed'
  error: '2 subtests failed'
  code: 'ERR_TEST_FAILURE'
  ...
# Subtest: extractJsxRouteScreens — React Router screens
    # Subtest: collects every component in a nested route element (caller picks the screen)
    not ok 1 - collects every component in a nested route element (caller picks the screen)
      ---
      duration_ms: 0.382942
      type: 'test'
      location: '/app/tests/js-ast.test.mjs:198:3'
      failureType: 'testCodeFailure'
      error: "Cannot read properties of null (reading 'map')"
      code: 'ERR_TEST_FAILURE'
      name: 'TypeError'
      stack: |-
        TestContext.<anonymous> (file:///app/tests/js-ast.test.mjs:208:43)
        Test.runInAsyncScope (node:async_hooks:214:14)
        Test.run (node:internal/test_runner/test:1047:25)
        Test.start (node:internal/test_runner/test:944:17)
        node:internal/test_runner/test:1440:71
        node:internal/per_context/primordials:466:82
        new Promise (<anonymous>)
        new SafePromise (node:internal/per_context/primordials:435:3)
        node:internal/per_context/primordials:466:9
        Array.map (<anonymous>)
      ...
    # Subtest: handles the route-object form: { path, element } and { path, Component }
    not ok 2 - handles the route-object form: { path, element } and { path, Component }
      ---
      duration_ms: 0.187702
      type: 'test'
      location: '/app/tests/js-ast.test.mjs:213:3'
      failureType: 'testCodeFailure'
      error: "Cannot read properties of null (reading 'map')"
      code: 'ERR_TEST_FAILURE'
      name: 'TypeError'
      stack: |-
        TestContext.<anonymous> (file:///app/tests/js-ast.test.mjs:216:43)
        Test.runInAsyncScope (node:async_hooks:214:14)
        Test.run (node:internal/test_runner/test:1047:25)
        Suite.processPendingSubtests (node:internal/test_runner/test:744:18)
        Test.postRun (node:internal/test_runner/test:1173:19)
        Test.run (node:internal/test_runner/test:1101:12)
        async Promise.all (index 0)
        async Suite.run (node:internal/test_runner/test:1442:7)
        async Test.processPendingSubtests (node:internal/test_runner/test:744:7)
      ...
    # Subtest: returns null on parse failure (caller falls back to the window regex)
    ok 3 - returns null on parse failure (caller falls back to the window regex)
      ---
      duration_ms: 0.119507
      type: 'test'
      ...
    1..3
not ok 98 - extractJsxRouteScreens — React Router screens
  ---
  duration_ms: 0.832525
  type: 'suite'
  location: '/app/tests/js-ast.test.mjs:197:1'
  failureType: 'subtestsFailed'
  error: '2 subtests failed'
  code: 'ERR_TEST_FAILURE'
  ...
# Subtest: mechanical writers
    # Subtest: replace-count: rewrites the stale number and is idempotent
    ok 1 - replace-count: rewrites the stale number and is idempotent
      ---
      duration_ms: 3.498114
      type: 'test'
      ...
    # Subtest: replace-version: only edits actionable contexts, never prose
    ok 2 - replace-version: only edits actionable contexts, never prose
      ---
      duration_ms: 3.223779
      type: 'test'
      ...
    # Subtest: insert-changelog-unreleased: inserts before the first version section, idempotent
    ok 3 - insert-changelog-unreleased: inserts before the first version section, idempotent
      ---
      duration_ms: 2.368259
      type: 'test'
      ...
    # Subtest: unknown fix type is reported, not applied
    ok 4 - unknown fix type is reported, not applied
      ---
      duration_ms: 0.94938
      type: 'test'
      ...
    1..4
ok 99 - mechanical writers
  ---
  duration_ms: 11.733202
  type: 'suite'
  ...
# Subtest: buildMemoryPlan
    # Subtest: builds a complete plan for a React webapp (endpoints + screens + env)
    ok 1 - builds a complete plan for a React webapp (endpoints + screens + env)
      ---
      duration_ms: 339.157552
      type: 'test'
      ...
    # Subtest: a Rust CLI gets a Rust-shaped plan (no API/Screens docs)
    ok 2 - a Rust CLI gets a Rust-shaped plan (no API/Screens docs)
      ---
      duration_ms: 8.379327
      type: 'test'
      ...
    # Subtest: code sections are marked and human sections carry a task + grounding
    ok 3 - code sections are marked and human sections carry a task + grounding
      ---
      duration_ms: 7.421218
      type: 'test'
      ...
    1..3
ok 100 - buildMemoryPlan
  ---
  duration_ms: 356.456113
  type: 'suite'
  ...
# Subtest: Metadata Sync Validator
    # Subtest: returns empty results if package.json is missing
    ok 1 - returns empty results if package.json is missing
      ---
      duration_ms: 3.590525
      type: 'test'
      ...
    # Subtest: returns empty results if package.json is malformed
    ok 2 - returns empty results if package.json is malformed
      ---
      duration_ms: 1.039026
      type: 'test'
      ...
    # Subtest: returns empty results if package.json has no version
    ok 3 - returns empty results if package.json has no version
      ---
      duration_ms: 1.043584
      type: 'test'
      ...
    # Subtest: detects mismatched version in extension.yml
    ok 4 - detects mismatched version in extension.yml
      ---
      duration_ms: 2.161622
      type: 'test'
      ...
    # Subtest: detects matching version in root extension.yml
    ok 5 - detects matching version in root extension.yml
      ---
      duration_ms: 0.998906
      type: 'test'
      ...
    # Subtest: detects older version references in actionable contexts in markdown
    ok 6 - detects older version references in actionable contexts in markdown
      ---
      duration_ms: 3.308353
      type: 'test'
      ...
    # Subtest: passes current version references in markdown
    ok 7 - passes current version references in markdown
      ---
      duration_ms: 2.462605
      type: 'test'
      ...
    # Subtest: does NOT flag @version refs for OTHER packages (over-match fix)
    ok 8 - does NOT flag @version refs for OTHER packages (over-match fix)
      ---
      duration_ms: 1.068029
      type: 'test'
      ...
    # Subtest: skips CHANGELOG.md and DRIFT-LOG.md
    ok 9 - skips CHANGELOG.md and DRIFT-LOG.md
      ---
      duration_ms: 1.351541
      type: 'test'
      ...
    # Subtest: skips non-actionable version strings in prose
    ok 10 - skips non-actionable version strings in prose
      ---
      duration_ms: 1.254206
      type: 'test'
      ...
    1..10
ok 101 - Metadata Sync Validator
  ---
  duration_ms: 20.398453
  type: 'suite'
  ...
# Subtest: Metrics-Consistency Validator
    # Subtest: passes when metrics correctly match actual actuals
    ok 1 - passes when metrics correctly match actual actuals
      ---
      duration_ms: 5.326723
      type: 'test'
      ...
    # Subtest: returns warnings when numbers mismatch actuals
    ok 2 - returns warnings when numbers mismatch actuals
      ---
      duration_ms: 1.571259
      type: 'test'
      ...
    # Subtest: skips processing changelog files
    ok 3 - skips processing changelog files
      ---
      duration_ms: 1.65447
      type: 'test'
      ...
    # Subtest: skips validation when there are no actual metrics
    ok 4 - skips validation when there are no actual metrics
      ---
      duration_ms: 1.218024
      type: 'test'
      ...
    # Subtest: skips processing ignored files
    ok 5 - skips processing ignored files
      ---
      duration_ms: 2.243588
      type: 'test'
      ...
    # Subtest: checks for test count if test files exist
    ok 6 - checks for test count if test files exist
      ---
      duration_ms: 1.583278
      type: 'test'
      ...
    # Subtest: does NOT scan markdown buried in arbitrary subdirectories (over-reach fix)
    ok 7 - does NOT scan markdown buried in arbitrary subdirectories (over-reach fix)
      ---
      duration_ms: 1.433412
      type: 'test'
      ...
    # Subtest: still scans a configured canonical doc located outside docs-canonical/
    ok 8 - still scans a configured canonical doc located outside docs-canonical/
      ---
      duration_ms: 1.15239
      type: 'test'
      ...
    1..8
ok 102 - Metrics-Consistency Validator
  ---
  duration_ms: 19.337036
  type: 'suite'
  ...
# Subtest: Metrics-Consistency — dedup per (file, label, found)
    # Subtest: same drift mentioned twice in one file → ONE warning, not two
    ok 1 - same drift mentioned twice in one file → ONE warning, not two
      ---
      duration_ms: 4.421562
      type: 'test'
      ...
    # Subtest: two DIFFERENT stale values in one file produce two warnings
    ok 2 - two DIFFERENT stale values in one file produce two warnings
      ---
      duration_ms: 1.616737
      type: 'test'
      ...
    # Subtest: same number mentioned twice in correct form → ONE passed credit, not two
    ok 3 - same number mentioned twice in correct form → ONE passed credit, not two
      ---
      duration_ms: 1.439816
      type: 'test'
      ...
    # Subtest: distinct files with the same stale value each get their own warning
    ok 4 - distinct files with the same stale value each get their own warning
      ---
      duration_ms: 2.604012
      type: 'test'
      ...
    1..4
ok 103 - Metrics-Consistency — dedup per (file, label, found)
  ---
  duration_ms: 11.769079
  type: 'suite'
  ...
# Subtest: monorepo-aware validators (config.sourceRoot)
    # Subtest: schema-sync finds Prisma models under a sourceRoot package, not just root
    ok 1 - schema-sync finds Prisma models under a sourceRoot package, not just root
      ---
      duration_ms: 9.964242
      type: 'test'
      ...
    # Subtest: schema-sync is N/A (not a fake pass) when no schema files exist anywhere
    ok 2 - schema-sync is N/A (not a fake pass) when no schema files exist anywhere
      ---
      duration_ms: 2.861373
      type: 'test'
      ...
    # Subtest: collectCodeTests finds nested __tests__, co-located tests, and root e2e
    ok 3 - collectCodeTests finds nested __tests__, co-located tests, and root e2e
      ---
      duration_ms: 3.617943
      type: 'test'
      ...
    # Subtest: docs-sync scans routes under the configured sourceRoot
    ok 4 - docs-sync scans routes under the configured sourceRoot
      ---
      duration_ms: 3.249333
      type: 'test'
      ...
    1..4
ok 104 - monorepo-aware validators (config.sourceRoot)
  ---
  duration_ms: 21.282377
  type: 'suite'
  ...
# Subtest: multi-OpenAPI-spec divergence
    # Subtest: finds specs in canonical locations and flags divergence
    ok 1 - finds specs in canonical locations and flags divergence
      ---
      duration_ms: 13.85501
      type: 'test'
      ...
    # Subtest: does NOT flag divergence when specs agree
    ok 2 - does NOT flag divergence when specs agree
      ---
      duration_ms: 2.781929
      type: 'test'
      ...
    # Subtest: validateApiSurface emits a multi-spec warning naming the authoritative file
    ok 3 - validateApiSurface emits a multi-spec warning naming the authoritative file
      ---
      duration_ms: 3.572912
      type: 'test'
      ...
    # Subtest: ignores worktree/vendor copies (only canonical locations count)
    ok 4 - ignores worktree/vendor copies (only canonical locations count)
      ---
      duration_ms: 2.136083
      type: 'test'
      ...
    1..4
ok 105 - multi-OpenAPI-spec divergence
  ---
  duration_ms: 24.010525
  type: 'suite'
  ...
# Subtest: npm pack smoke
    # Subtest: npm pack produces a tarball and extracts cleanly
    not ok 1 - npm pack produces a tarball and extracts cleanly
      ---
      duration_ms: 402.312723
      type: 'test'
      location: '/app/tests/npm-pack-smoke.test.mjs:45:3'
      failureType: 'testCodeFailure'
      error: |-
        npm pack should succeed; got 1
        npm warn invalid config before=null set in /app/.npmrc
        npm warn invalid config Must be one of: null, valid Date string
        npm error Invalid time value
        npm error A complete log of this run can be found in: /home/jules/.npm/_logs/2026-06-03T00_39_54_197Z-debug-0.log


        1 !== 0

      code: 'ERR_ASSERTION'
      name: 'AssertionError'
      expected: 0
      actual: 1
      operator: 'strictEqual'
      stack: |-
        TestContext.<anonymous> (file:///app/tests/npm-pack-smoke.test.mjs:52:12)
        Test.runInAsyncScope (node:async_hooks:214:14)
        Test.run (node:internal/test_runner/test:1047:25)
        Test.start (node:internal/test_runner/test:944:17)
        node:internal/test_runner/test:1440:71
        node:internal/per_context/primordials:466:82
        new Promise (<anonymous>)
        new SafePromise (node:internal/per_context/primordials:435:3)
        node:internal/per_context/primordials:466:9
        Array.map (<anonymous>)
      ...
    # Subtest: extracted package runs --version (CLI loads end-to-end)
    not ok 2 - extracted package runs --version (CLI loads end-to-end)
      ---
      duration_ms: 404.715137
      type: 'test'
      location: '/app/tests/npm-pack-smoke.test.mjs:76:3'
      failureType: 'testCodeFailure'
      error: 'The "path" argument must be of type string. Received undefined'
      code: 'ERR_INVALID_ARG_TYPE'
      name: 'TypeError'
      stack: |-
        join (node:path:1354:7)
        TestContext.<anonymous> (file:///app/tests/npm-pack-smoke.test.mjs:81:30)
        Test.runInAsyncScope (node:async_hooks:214:14)
        Test.run (node:internal/test_runner/test:1047:25)
        Suite.processPendingSubtests (node:internal/test_runner/test:744:18)
        Test.postRun (node:internal/test_runner/test:1173:19)
        Test.run (node:internal/test_runner/test:1101:12)
        async Promise.all (index 0)
        async Suite.run (node:internal/test_runner/test:1442:7)
        async startSubtestAfterBootstrap (node:internal/test_runner/harness:296:3)
      ...
    # Subtest: extracted package can run guard against a minimal fixture
    not ok 3 - extracted package can run guard against a minimal fixture
      ---
      duration_ms: 410.147864
      type: 'test'
      location: '/app/tests/npm-pack-smoke.test.mjs:93:3'
      failureType: 'testCodeFailure'
      error: 'The "path" argument must be of type string. Received undefined'
      code: 'ERR_INVALID_ARG_TYPE'
      name: 'TypeError'
      stack: |-
        join (node:path:1354:7)
        TestContext.<anonymous> (file:///app/tests/npm-pack-smoke.test.mjs:99:30)
        Test.runInAsyncScope (node:async_hooks:214:14)
        Test.run (node:internal/test_runner/test:1047:25)
        Suite.processPendingSubtests (node:internal/test_runner/test:744:18)
        Test.postRun (node:internal/test_runner/test:1173:19)
        Test.run (node:internal/test_runner/test:1101:12)
        async Suite.processPendingSubtests (node:internal/test_runner/test:744:7)
      ...
    1..3
not ok 106 - npm pack smoke
  ---
  duration_ms: 1218.872022
  type: 'suite'
  location: '/app/tests/npm-pack-smoke.test.mjs:37:1'
  failureType: 'subtestsFailed'
  error: '3 subtests failed'
  code: 'ERR_TEST_FAILURE'
  ...
# Subtest: OpenAPI parse-honesty
    # Subtest: flags a spec with paths: but 0 parsed endpoints as parseIncomplete
    ok 1 - flags a spec with paths: but 0 parsed endpoints as parseIncomplete
      ---
      duration_ms: 5.272493
      type: 'test'
      ...
    # Subtest: does NOT flag a healthy spec as parseIncomplete
    ok 2 - does NOT flag a healthy spec as parseIncomplete
      ---
      duration_ms: 1.422858
      type: 'test'
      ...
    # Subtest: API-Surface surfaces the unparseable spec as a warning (not a silent pass)
    ok 3 - API-Surface surfaces the unparseable spec as a warning (not a silent pass)
      ---
      duration_ms: 2.454091
      type: 'test'
      ...
    # Subtest: detectDocTools survives a malformed package.json instead of throwing
    ok 4 - detectDocTools survives a malformed package.json instead of throwing
      ---
      duration_ms: 2.554924
      type: 'test'
      ...
    1..4
ok 107 - OpenAPI parse-honesty
  ---
  duration_ms: 13.404353
  type: 'suite'
  ...
# Subtest: v0.11.2 — bug fixes from wu-whatsappinbox feedback
    # Subtest: B-1: skips Vite intrinsics on import.meta.env (DEV / PROD / MODE / BASE_URL / SSR)
    ok 1 - B-1: skips Vite intrinsics on import.meta.env (DEV / PROD / MODE / BASE_URL / SSR)
      ---
      duration_ms: 5.364961
      type: 'test'
      ...
    # Subtest: B-3: literal `VITE_` (convention prefix in prose) is NOT captured as a var name
    ok 2 - B-3: literal `VITE_` (convention prefix in prose) is NOT captured as a var name
      ---
      duration_ms: 2.379199
      type: 'test'
      ...
    # Subtest: B-2: diff Data Entities uses real exported names (Pydantic), not file basenames
    ok 3 - B-2: diff Data Entities uses real exported names (Pydantic), not file basenames
      ---
      duration_ms: 643.949873
      type: 'test'
      ...
    1..3
ok 108 - v0.11.2 — bug fixes from wu-whatsappinbox feedback
  ---
  duration_ms: 654.227917
  type: 'suite'
  ...
# Subtest: disk-backed plan cache
    # Subtest: first build writes .docguard/plan.cache.json
    ok 1 - first build writes .docguard/plan.cache.json
      ---
      duration_ms: 358.984359
      type: 'test'
      ...
    # Subtest: cache content has the expected shape
    ok 2 - cache content has the expected shape
      ---
      duration_ms: 9.142899
      type: 'test'
      ...
    # Subtest: second build in same in-process tree uses L1 (no disk re-read needed)
    ok 3 - second build in same in-process tree uses L1 (no disk re-read needed)
      ---
      duration_ms: 10.772547
      type: 'test'
      ...
    # Subtest: fresh in-process state finds plan via disk cache
    ok 4 - fresh in-process state finds plan via disk cache
      ---
      duration_ms: 11.9339
      type: 'test'
      ...
    # Subtest: tree-state change invalidates the disk cache
    ok 5 - tree-state change invalidates the disk cache
      ---
      duration_ms: 18.002975
      type: 'test'
      ...
    # Subtest: corrupt disk cache is silently ignored
    ok 6 - corrupt disk cache is silently ignored
      ---
      duration_ms: 10.649207
      type: 'test'
      ...
    # Subtest: config.diskCache === false disables the disk layer
    ok 7 - config.diskCache === false disables the disk layer
      ---
      duration_ms: 2.456556
      type: 'test'
      ...
    1..7
ok 109 - disk-backed plan cache
  ---
  duration_ms: 423.782566
  type: 'suite'
  ...
# Subtest: guard --timings
    # Subtest: prints a timing block when --timings is set
    ok 1 - prints a timing block when --timings is set
      ---
      duration_ms: 191.788961
      type: 'test'
      ...
    # Subtest: does NOT print profile output without the flag
    ok 2 - does NOT print profile output without the flag
      ---
      duration_ms: 192.264717
      type: 'test'
      ...
    # Subtest: includes durationMs in --format json output
    ok 3 - includes durationMs in --format json output
      ---
      duration_ms: 167.608808
      type: 'test'
      ...
    1..3
ok 110 - guard --timings
  ---
  duration_ms: 553.348116
  type: 'suite'
  ...
# Subtest: project-type detection
    # Subtest: detects a Python FastAPI api from pyproject.toml
    ok 1 - detects a Python FastAPI api from pyproject.toml
      ---
      duration_ms: 4.584431
      type: 'test'
      ...
    # Subtest: detects Django from requirements.txt + manage.py
    ok 2 - detects Django from requirements.txt + manage.py
      ---
      duration_ms: 1.64393
      type: 'test'
      ...
    # Subtest: detects a Rust web service from Cargo.toml
    ok 3 - detects a Rust web service from Cargo.toml
      ---
      duration_ms: 1.77192
      type: 'test'
      ...
    # Subtest: detects a Rust library (src/lib.rs, no web framework)
    ok 4 - detects a Rust library (src/lib.rs, no web framework)
      ---
      duration_ms: 1.43301
      type: 'test'
      ...
    # Subtest: detects a Go service from go.mod
    ok 5 - detects a Go service from go.mod
      ---
      duration_ms: 1.983581
      type: 'test'
      ...
    # Subtest: detects a Java Spring Boot project from build.gradle
    ok 6 - detects a Java Spring Boot project from build.gradle
      ---
      duration_ms: 1.287553
      type: 'test'
      ...
    # Subtest: detects a Ruby Rails app from Gemfile
    ok 7 - detects a Ruby Rails app from Gemfile
      ---
      duration_ms: 1.034234
      type: 'test'
      ...
    # Subtest: detects a PHP Laravel app from composer.json
    ok 8 - detects a PHP Laravel app from composer.json
      ---
      duration_ms: 2.703097
      type: 'test'
      ...
    # Subtest: detects a TypeScript CLI from package.json bin
    ok 9 - detects a TypeScript CLI from package.json bin
      ---
      duration_ms: 1.183545
      type: 'test'
      ...
    # Subtest: handles a POLYGLOT repo: Python backend + React frontend
    ok 10 - handles a POLYGLOT repo: Python backend + React frontend
      ---
      duration_ms: 1.753748
      type: 'test'
      ...
    1..10
ok 111 - project-type detection
  ---
  duration_ms: 21.431503
  type: 'suite'
  ...
# Subtest: py-ast — Python AST extraction
    # Subtest: extracts FastAPI/APIRouter routes with handler + docstring
    ok 1 - extracts FastAPI/APIRouter routes with handler + docstring
      ---
      duration_ms: 316.263224
      type: 'test'
      ...
    # Subtest: expands a Flask methods=[...] array into one route per method
    ok 2 - expands a Flask methods=[...] array into one route per method
      ---
      duration_ms: 290.65054
      type: 'test'
      ...
    # Subtest: extracts Pydantic fields with optional detection
    ok 3 - extracts Pydantic fields with optional detection
      ---
      duration_ms: 302.85697
      type: 'test'
      ...
    # Subtest: extracts SQLAlchemy columns + relationships
    ok 4 - extracts SQLAlchemy columns + relationships
      ---
      duration_ms: 301.91573
      type: 'test'
      ...
    # Subtest: reports ok:false for an unparseable file (caller falls back to regex)
    ok 5 - reports ok:false for an unparseable file (caller falls back to regex)
      ---
      duration_ms: 291.139426
      type: 'test'
      ...
    # Subtest: does not misclassify a plain class as a model
    ok 6 - does not misclassify a plain class as a model
      ---
      duration_ms: 282.734198
      type: 'test'
      ...
    1..6
ok 112 - py-ast — Python AST extraction
  ---
  duration_ms: 1787.52851
  type: 'suite'
  ...
# Subtest: py-ast — contract when python3 is absent
ok 113 - py-ast — contract when python3 is absent # SKIP python3 is present
  ---
  duration_ms: 0.131544
  type: 'suite'
  ...
# Subtest: MECHANICAL_FIX_TYPES includes regenerate-section
    # Subtest: regenerate-section is a registered fix type
    ok 1 - regenerate-section is a registered fix type
      ---
      duration_ms: 0.920967
      type: 'test'
      ...
    1..1
ok 114 - MECHANICAL_FIX_TYPES includes regenerate-section
  ---
  duration_ms: 2.119436
  type: 'suite'
  ...
# Subtest: applyMechanicalFix — regenerate-section
    # Subtest: rewrites the named source=code section in place
    ok 1 - rewrites the named source=code section in place
      ---
      duration_ms: 3.640165
      type: 'test'
      ...
    # Subtest: is idempotent: no-op when content already matches
    ok 2 - is idempotent: no-op when content already matches
      ---
      duration_ms: 1.190861
      type: 'test'
      ...
    # Subtest: skips with a clear message when the section is missing
    ok 3 - skips with a clear message when the section is missing
      ---
      duration_ms: 1.089503
      type: 'test'
      ...
    # Subtest: refuses when doc / sectionId / body is missing
    ok 4 - refuses when doc / sectionId / body is missing
      ---
      duration_ms: 1.407569
      type: 'test'
      ...
    1..4
ok 115 - applyMechanicalFix — regenerate-section
  ---
  duration_ms: 8.081347
  type: 'suite'
  ...
# Subtest: generated-staleness emits fixes[] on drift
    # Subtest: produces a regenerate-section fix when content drifts
    ok 1 - produces a regenerate-section fix when content drifts
      ---
      duration_ms: 312.893835
      type: 'test'
      ...
    1..1
ok 116 - generated-staleness emits fixes[] on drift
  ---
  duration_ms: 313.369897
  type: 'suite'
  ...
# Subtest: Express mount-prefix resolution
    # Subtest: prefixes an IMPORTED sub-router with its mount path (default + named exports)
    not ok 1 - prefixes an IMPORTED sub-router with its mount path (default + named exports)
      ---
      duration_ms: 11.429504
      type: 'test'
      location: '/app/tests/routes-express-mounts.test.mjs:31:3'
      failureType: 'testCodeFailure'
      error: |-
        Expected values to be strictly deep-equal:
        + actual - expected

          [
        +   'GET /:id',
        +   'POST /'
        -   'DELETE /api/tags/:id',
        -   'GET /api/tags',
        -   'GET /api/users/:id',
        -   'POST /api/users'
          ]

      code: 'ERR_ASSERTION'
      name: 'AssertionError'
      expected:
        0: 'DELETE /api/tags/:id'
        1: 'GET /api/tags'
        2: 'GET /api/users/:id'
        3: 'POST /api/users'
      actual:
        0: 'GET /:id'
        1: 'POST /'
      operator: 'deepStrictEqual'
      stack: |-
        TestContext.<anonymous> (file:///app/tests/routes-express-mounts.test.mjs:43:12)
        Test.runInAsyncScope (node:async_hooks:214:14)
        Test.run (node:internal/test_runner/test:1047:25)
        async Promise.all (index 0)
        async Suite.run (node:internal/test_runner/test:1442:7)
        async startSubtestAfterBootstrap (node:internal/test_runner/harness:296:3)
      ...
    # Subtest: does NOT over-prefix a sibling app route in the mounting file
    not ok 2 - does NOT over-prefix a sibling app route in the mounting file
      ---
      duration_ms: 2.735673
      type: 'test'
      location: '/app/tests/routes-express-mounts.test.mjs:51:3'
      failureType: 'testCodeFailure'
      error: |-
        Expected values to be strictly deep-equal:
        + actual - expected

          [
        -   'GET /api/items',
            'GET /health',
        +   'GET /items'
          ]

      code: 'ERR_ASSERTION'
      name: 'AssertionError'
      expected:
        0: 'GET /api/items'
        1: 'GET /health'
      actual:
        0: 'GET /health'
        1: 'GET /items'
      operator: 'deepStrictEqual'
      stack: |-
        TestContext.<anonymous> (file:///app/tests/routes-express-mounts.test.mjs:62:12)
        Test.runInAsyncScope (node:async_hooks:214:14)
        Test.run (node:internal/test_runner/test:1047:25)
        async Suite.processPendingSubtests (node:internal/test_runner/test:744:7)
      ...
    # Subtest: emits one path PER mount when the same router is mounted at several prefixes
    not ok 3 - emits one path PER mount when the same router is mounted at several prefixes
      ---
      duration_ms: 2.577003
      type: 'test'
      location: '/app/tests/routes-express-mounts.test.mjs:65:3'
      failureType: 'testCodeFailure'
      error: |-
        Expected values to be strictly deep-equal:
        + actual - expected

          [
        +   'GET /:id'
        -   'GET /api/v1/users/:id',
        -   'GET /api/v2/users/:id'
          ]

      code: 'ERR_ASSERTION'
      name: 'AssertionError'
      expected:
        0: 'GET /api/v1/users/:id'
        1: 'GET /api/v2/users/:id'
      actual:
        0: 'GET /:id'
      operator: 'deepStrictEqual'
      stack: |-
        TestContext.<anonymous> (file:///app/tests/routes-express-mounts.test.mjs:74:12)
        Test.runInAsyncScope (node:async_hooks:214:14)
        Test.run (node:internal/test_runner/test:1047:25)
        async Suite.processPendingSubtests (node:internal/test_runner/test:744:7)
      ...
    # Subtest: leaves an UNMOUNTED router file at its bare path (no regression)
    ok 4 - leaves an UNMOUNTED router file at its bare path (no regression)
      ---
      duration_ms: 2.139715
      type: 'test'
      ...
    1..4
not ok 117 - Express mount-prefix resolution
  ---
  duration_ms: 20.535393
  type: 'suite'
  location: '/app/tests/routes-express-mounts.test.mjs:26:1'
  failureType: 'subtestsFailed'
  error: '3 subtests failed'
  code: 'ERR_TEST_FAILURE'
  ...
# Subtest: Fastify route scanning
    # Subtest: extracts the object form AND the method shorthand together
    not ok 1 - extracts the object form AND the method shorthand together
      ---
      duration_ms: 8.072758
      type: 'test'
      location: '/app/tests/routes-fastify.test.mjs:26:3'
      failureType: 'testCodeFailure'
      error: |-
        Expected values to be strictly deep-equal:
        + actual - expected

          [
            'GET /health',
        -   'GET /users/:id',
        -   'POST /users',
        -   'PUT /users'
          ]

      code: 'ERR_ASSERTION'
      name: 'AssertionError'
      expected:
        0: 'GET /health'
        1: 'GET /users/:id'
        2: 'POST /users'
        3: 'PUT /users'
      actual:
        0: 'GET /health'
      operator: 'deepStrictEqual'
      stack: |-
        TestContext.<anonymous> (file:///app/tests/routes-fastify.test.mjs:33:12)
        Test.runInAsyncScope (node:async_hooks:214:14)
        Test.run (node:internal/test_runner/test:1047:25)
        async Promise.all (index 0)
        async Suite.run (node:internal/test_runner/test:1442:7)
        async startSubtestAfterBootstrap (node:internal/test_runner/harness:296:3)
      ...
    1..1
not ok 118 - Fastify route scanning
  ---
  duration_ms: 9.234151
  type: 'suite'
  location: '/app/tests/routes-fastify.test.mjs:21:1'
  failureType: 'subtestsFailed'
  error: '1 subtest failed'
  code: 'ERR_TEST_FAILURE'
  ...
# Subtest: routes — multi-language scanners
    # Subtest: Spring Boot (Java): @GetMapping/@PostMapping with class-level base path
    ok 1 - Spring Boot (Java): @GetMapping/@PostMapping with class-level base path
      ---
      duration_ms: 5.128643
      type: 'test'
      ...
    # Subtest: Rails (Ruby): verb DSL + resources expansion
    ok 2 - Rails (Ruby): verb DSL + resources expansion
      ---
      duration_ms: 8.690385
      type: 'test'
      ...
    # Subtest: Go: Gin/Echo/Chi-style verb calls
    ok 3 - Go: Gin/Echo/Chi-style verb calls
      ---
      duration_ms: 1.640994
      type: 'test'
      ...
    # Subtest: Rust: Axum + Actix + Rocket
    ok 4 - Rust: Axum + Actix + Rocket
      ---
      duration_ms: 2.206587
      type: 'test'
      ...
    1..4
ok 119 - routes — multi-language scanners
  ---
  duration_ms: 19.349738
  type: 'suite'
  ...
# Subtest: Next.js App Router — HTTP path emission
    # Subtest: emits /api/health (not /app/api/health) for the src/ layout
    ok 1 - emits /api/health (not /app/api/health) for the src/ layout
      ---
      duration_ms: 7.800466
      type: 'test'
      ...
    # Subtest: emits /api/health for the non-src layout (no regression)
    ok 2 - emits /api/health for the non-src layout (no regression)
      ---
      duration_ms: 2.675334
      type: 'test'
      ...
    # Subtest: preserves nested segments for the src/ layout
    ok 3 - preserves nested segments for the src/ layout
      ---
      duration_ms: 2.635999
      type: 'test'
      ...
    # Subtest: strips route-group segments — /api/users, not /api/(admin)/users
    ok 4 - strips route-group segments — /api/users, not /api/(admin)/users
      ---
      duration_ms: 2.061448
      type: 'test'
      ...
    # Subtest: handles optional catch-all [[...slug]] without leaving brackets
    ok 5 - handles optional catch-all [[...slug]] without leaving brackets
      ---
      duration_ms: 1.984654
      type: 'test'
      ...
    1..5
ok 120 - Next.js App Router — HTTP path emission
  ---
  duration_ms: 18.678808
  type: 'suite'
  ...
# Subtest: validateSchemaSync
    # Subtest: should return 0 passed/warnings if no DATA-MODEL.md and no schemas are found
    ok 1 - should return 0 passed/warnings if no DATA-MODEL.md and no schemas are found
      ---
      duration_ms: 5.815971
      type: 'test'
      ...
    # Subtest: should warn if no DATA-MODEL.md exists but schemas are found
    ok 2 - should warn if no DATA-MODEL.md exists but schemas are found
      ---
      duration_ms: 3.181646
      type: 'test'
      ...
    # Subtest: should pass for schemas that are documented in DATA-MODEL.md
    ok 3 - should pass for schemas that are documented in DATA-MODEL.md
      ---
      duration_ms: 3.814473
      type: 'test'
      ...
    # Subtest: should warn for schemas that are not documented in DATA-MODEL.md
    ok 4 - should warn for schemas that are not documented in DATA-MODEL.md
      ---
      duration_ms: 2.494072
      type: 'test'
      ...
    # Subtest: should ignore common utility models like migrations
    ok 5 - should ignore common utility models like migrations
      ---
      duration_ms: 2.016866
      type: 'test'
      ...
    1..5
ok 121 - validateSchemaSync
  ---
  duration_ms: 20.797249
  type: 'suite'
  ...
# Subtest: schemas — multi-language model scanners
    # Subtest: Python SQLAlchemy: extracts entities + columns + relationships
    ok 1 - Python SQLAlchemy: extracts entities + columns + relationships
      ---
      duration_ms: 600.889121
      type: 'test'
      ...
    # Subtest: Python Pydantic: extracts a model with typed fields
    ok 2 - Python Pydantic: extracts a model with typed fields
      ---
      duration_ms: 283.130921
      type: 'test'
      ...
    # Subtest: Rust Diesel: table! block → entity + columns
    ok 3 - Rust Diesel: table! block → entity + columns
      ---
      duration_ms: 3.424855
      type: 'test'
      ...
    # Subtest: Go struct with tags → entity + tagged fields
    ok 4 - Go struct with tags → entity + tagged fields
      ---
      duration_ms: 2.008286
      type: 'test'
      ...
    # Subtest: Java JPA @Entity: class + typed fields
    ok 5 - Java JPA @Entity: class + typed fields
      ---
      duration_ms: 2.735492
      type: 'test'
      ...
    # Subtest: Rails migration: create_table → entity with columns + id
    ok 6 - Rails migration: create_table → entity with columns + id
      ---
      duration_ms: 2.111725
      type: 'test'
      ...
    # Subtest: polyglot: scans Python AND Go models in the same repo
    ok 7 - polyglot: scans Python AND Go models in the same repo
      ---
      duration_ms: 283.502945
      type: 'test'
      ...
    1..7
ok 122 - schemas — multi-language model scanners
  ---
  duration_ms: 1179.638604
  type: 'suite'
  ...
# Subtest: schemas.mjs - walkDir error handling
    # Subtest: should gracefully handle readdirSync errors during schema scan
    ok 1 - should gracefully handle readdirSync errors during schema scan
      ---
      duration_ms: 286.793593
      type: 'test'
      ...
    1..1
ok 123 - schemas.mjs - walkDir error handling
  ---
  duration_ms: 288.053009
  type: 'suite'
  ...
# Subtest: generateERDiagram
    # Subtest: returns empty string for empty entities array
    ok 1 - returns empty string for empty entities array
      ---
      duration_ms: 0.567424
      type: 'test'
      ...
    # Subtest: generates a basic ER diagram with an entity
    ok 2 - generates a basic ER diagram with an entity
      ---
      duration_ms: 0.393504
      type: 'test'
      ...
    # Subtest: limits to 8 fields per entity
    ok 3 - limits to 8 fields per entity
      ---
      duration_ms: 0.372016
      type: 'test'
      ...
    # Subtest: skips entities with source "prisma-enum"
    ok 4 - skips entities with source "prisma-enum"
      ---
      duration_ms: 0.182766
      type: 'test'
      ...
    # Subtest: generates correct relationship arrows
    ok 5 - generates correct relationship arrows
      ---
      duration_ms: 0.203855
      type: 'test'
      ...
    # Subtest: sanitizes field types by replacing non-alphanumeric characters with underscores
    ok 6 - sanitizes field types by replacing non-alphanumeric characters with underscores
      ---
      duration_ms: 0.305384
      type: 'test'
      ...
    1..6
ok 124 - generateERDiagram
  ---
  duration_ms: 2.808746
  type: 'suite'
  ...
# Subtest: scanSchemasDeep — honors config.ignore (.docguardignore consolidation)
    # Subtest: drops entities whose source file the user excluded
    ok 1 - drops entities whose source file the user excluded
      ---
      duration_ms: 4.640209
      type: 'test'
      ...
    1..1
ok 125 - scanSchemasDeep — honors config.ignore (.docguardignore consolidation)
  ---
  duration_ms: 5.042164
  type: 'suite'
  ...
# Subtest: CHANGED_ONLY_VALIDATORS — v0.15 lite set
    # Subtest: includes the new opt-ins (drift, todoTracking)
    ok 1 - includes the new opt-ins (drift, todoTracking)
      ---
      duration_ms: 1.004641
      type: 'test'
      ...
    # Subtest: keeps the v0.13 opt-ins (docsSync, environment, apiSurface)
    ok 2 - keeps the v0.13 opt-ins (docsSync, environment, apiSurface)
      ---
      duration_ms: 0.339874
      type: 'test'
      ...
    1..2
ok 126 - CHANGED_ONLY_VALIDATORS — v0.15 lite set
  ---
  duration_ms: 3.784173
  type: 'suite'
  ...
# Subtest: Drift-Comments — config.changedFiles scope
    # Subtest: scopes to listed files when changedFiles is set
    ok 1 - scopes to listed files when changedFiles is set
      ---
      duration_ms: 3.834976
      type: 'test'
      ...
    # Subtest: full scan when changedFiles is empty array
    ok 2 - full scan when changedFiles is empty array
      ---
      duration_ms: 1.20805
      type: 'test'
      ...
    1..2
ok 127 - Drift-Comments — config.changedFiles scope
  ---
  duration_ms: 5.347865
  type: 'suite'
  ...
# Subtest: score suggestions — honest, derived from real gaps
    # Subtest: detects pytest config in pyproject.toml ([tool.pytest.*]) — full testing marks
    ok 1 - detects pytest config in pyproject.toml ([tool.pytest.*]) — full testing marks
      ---
      duration_ms: 152.713389
      type: 'test'
      ...
    # Subtest: does not tell you to do work that is already done
    ok 2 - does not tell you to do work that is already done
      ---
      duration_ms: 153.607635
      type: 'test'
      ...
    # Subtest: names the specific failing sub-check when something is genuinely missing
    ok 3 - names the specific failing sub-check when something is genuinely missing
      ---
      duration_ms: 149.435929
      type: 'test'
      ...
    1..3
ok 128 - score suggestions — honest, derived from real gaps
  ---
  duration_ms: 457.375014
  type: 'suite'
  ...
# Subtest: validateDocSections — N/A markers
    # Subtest: N/A marker with reason satisfies the required-section check
    ok 1 - N/A marker with reason satisfies the required-section check
      ---
      duration_ms: 4.210733
      type: 'test'
      ...
    # Subtest: N/A marker WITHOUT reason does NOT satisfy (prevents silent opt-out)
    ok 2 - N/A marker WITHOUT reason does NOT satisfy (prevents silent opt-out)
      ---
      duration_ms: 1.695924
      type: 'test'
      ...
    # Subtest: real heading still passes (regression)
    ok 3 - real heading still passes (regression)
      ---
      duration_ms: 1.336229
      type: 'test'
      ...
    # Subtest: warning text suggests the exact N/A marker template
    ok 4 - warning text suggests the exact N/A marker template
      ---
      duration_ms: 1.333489
      type: 'test'
      ...
    # Subtest: mix of heading + N/A marker in same doc works
    ok 5 - mix of heading + N/A marker in same doc works
      ---
      duration_ms: 1.64261
      type: 'test'
      ...
    1..5
ok 129 - validateDocSections — N/A markers
  ---
  duration_ms: 11.97995
  type: 'suite'
  ...
# Subtest: sections: parse / get / list
    # Subtest: parses all sections with id, source, and body
    ok 1 - parses all sections with id, source, and body
      ---
      duration_ms: 2.603645
      type: 'test'
      ...
    # Subtest: getSection returns one section or null
    ok 2 - getSection returns one section or null
      ---
      duration_ms: 0.284045
      type: 'test'
      ...
    # Subtest: ignores a malformed open marker without a close (no corruption)
    ok 3 - ignores a malformed open marker without a close (no corruption)
      ---
      duration_ms: 0.265551
      type: 'test'
      ...
    1..3
ok 130 - sections: parse / get / list
  ---
  duration_ms: 5.78525
  type: 'suite'
  ...
# Subtest: sections: replaceSection preserves human prose
    # Subtest: replaces only the section body, leaving everything else byte-for-byte
    ok 1 - replaces only the section body, leaving everything else byte-for-byte
      ---
      duration_ms: 0.615841
      type: 'test'
      ...
    # Subtest: is idempotent — replacing with identical body changes nothing
    ok 2 - is idempotent — replacing with identical body changes nothing
      ---
      duration_ms: 0.268281
      type: 'test'
      ...
    # Subtest: returns unchanged when the section id does not exist
    ok 3 - returns unchanged when the section id does not exist
      ---
      duration_ms: 0.193624
      type: 'test'
      ...
    1..3
ok 131 - sections: replaceSection preserves human prose
  ---
  duration_ms: 1.435251
  type: 'suite'
  ...
# Subtest: sections: upsertSection
    # Subtest: replaces when the section exists
    ok 1 - replaces when the section exists
      ---
      duration_ms: 0.880852
      type: 'test'
      ...
    # Subtest: inserts a new section at end by default
    ok 2 - inserts a new section at end by default
      ---
      duration_ms: 0.675235
      type: 'test'
      ...
    # Subtest: inserts after a named section with position=after:<id>
    ok 3 - inserts after a named section with position=after:<id>
      ---
      duration_ms: 0.460894
      type: 'test'
      ...
    # Subtest: inserts after the first heading with position=top
    ok 4 - inserts after the first heading with position=top
      ---
      duration_ms: 0.608286
      type: 'test'
      ...
    1..4
ok 132 - sections: upsertSection
  ---
  duration_ms: 3.207505
  type: 'suite'
  ...
# Subtest: sections: renderSection
    # Subtest: produces a well-formed, re-parseable block
    ok 1 - produces a well-formed, re-parseable block
      ---
      duration_ms: 0.211387
      type: 'test'
      ...
    1..1
ok 133 - sections: renderSection
  ---
  duration_ms: 0.330084
  type: 'suite'
  ...
# Subtest: sections: malformed markers cannot corrupt human prose
    # Subtest: does not let the mis-closed section absorb prose + the next section
    ok 1 - does not let the mis-closed section absorb prose + the next section
      ---
      duration_ms: 2.067744
      type: 'test'
      ...
    # Subtest: replaceSection on the mis-closed id is a safe no-op (prose preserved)
    ok 2 - replaceSection on the mis-closed id is a safe no-op (prose preserved)
      ---
      duration_ms: 0.179793
      type: 'test'
      ...
    # Subtest: still refreshes the well-formed section normally
    ok 3 - still refreshes the well-formed section normally
      ---
      duration_ms: 0.143738
      type: 'test'
      ...
    1..3
ok 134 - sections: malformed markers cannot corrupt human prose
  ---
  duration_ms: 2.670723
  type: 'suite'
  ...
# Subtest: issue \#190 — command injection via .specify/init-options.json `ai`
    # Subtest: Layer 1: getDetectedAgent allowlist (cli/ensure-skills.mjs)
        # Subtest: rejects shell metacharacter injection (semicolon)
        ok 1 - rejects shell metacharacter injection (semicolon)
          ---
          duration_ms: 3.127119
          type: 'test'
          ...
        # Subtest: rejects backtick injection
        ok 2 - rejects backtick injection
          ---
          duration_ms: 1.170692
          type: 'test'
          ...
        # Subtest: rejects $() command substitution
        ok 3 - rejects $() command substitution
          ---
          duration_ms: 1.054925
          type: 'test'
          ...
        # Subtest: rejects pipe injection
        ok 4 - rejects pipe injection
          ---
          duration_ms: 1.024564
          type: 'test'
          ...
        # Subtest: rejects ampersand injection
        ok 5 - rejects ampersand injection
          ---
          duration_ms: 3.173724
          type: 'test'
          ...
        # Subtest: rejects newline-injected payloads
        ok 6 - rejects newline-injected payloads
          ---
          duration_ms: 1.001721
          type: 'test'
          ...
        # Subtest: rejects values longer than 32 chars (DoS / log noise guard)
        ok 7 - rejects values longer than 32 chars (DoS / log noise guard)
          ---
          duration_ms: 0.924852
          type: 'test'
          ...
        # Subtest: rejects non-string ai values (defensive)
        ok 8 - rejects non-string ai values (defensive)
          ---
          duration_ms: 1.85836
          type: 'test'
          ...
        # Subtest: accepts the documented spec-kit agent names
        ok 9 - accepts the documented spec-kit agent names
          ---
          duration_ms: 5.515811
          type: 'test'
          ...
        # Subtest: accepts underscored agent names (future-proofing)
        ok 10 - accepts underscored agent names (future-proofing)
          ---
          duration_ms: 1.06727
          type: 'test'
          ...
        # Subtest: handles missing .specify/init-options.json (no exception)
        ok 11 - handles missing .specify/init-options.json (no exception)
          ---
          duration_ms: 0.381649
          type: 'test'
          ...
        # Subtest: handles malformed JSON gracefully (no exception)
        ok 12 - handles malformed JSON gracefully (no exception)
          ---
          duration_ms: 0.729477
          type: 'test'
          ...
        1..12
    ok 1 - Layer 1: getDetectedAgent allowlist (cli/ensure-skills.mjs)
      ---
      duration_ms: 22.76698
      type: 'suite'
      ...
    # Subtest: Layer 2: safeSpawnSpecify API (cli/ensure-skills.mjs)
        # Subtest: rejects non-array args (defensive — prevents future caller bugs)
        ok 1 - rejects non-array args (defensive — prevents future caller bugs)
          ---
          duration_ms: 0.710536
          type: 'test'
          ...
        # Subtest: rejects undefined args
        ok 2 - rejects undefined args
          ---
          duration_ms: 0.208705
          type: 'test'
          ...
        1..2
    ok 2 - Layer 2: safeSpawnSpecify API (cli/ensure-skills.mjs)
      ---
      duration_ms: 1.139034
      type: 'suite'
      ...
    1..2
ok 135 - issue \#190 — command injection via .specify/init-options.json `ai`
  ---
  duration_ms: 24.666716
  type: 'suite'
  ...
# Subtest: validateSecurity
    # Subtest: should pass and return no errors when no secrets are found and .gitignore includes .env
    ok 1 - should pass and return no errors when no secrets are found and .gitignore includes .env
      ---
      duration_ms: 4.10599
      type: 'test'
      ...
    # Subtest: should flag hardcoded AWS and Stripe keys
    ok 2 - should flag hardcoded AWS and Stripe keys
      ---
      duration_ms: 2.44514
      type: 'test'
      ...
    # Subtest: should flag common hardcoded passwords and API keys
    ok 3 - should flag common hardcoded passwords and API keys
      ---
      duration_ms: 1.76026
      type: 'test'
      ...
    # Subtest: detects a REAL secret that sits below a safe placeholder of the same kind
    ok 4 - detects a REAL secret that sits below a safe placeholder of the same kind
      ---
      duration_ms: 1.917073
      type: 'test'
      ...
    # Subtest: should skip known safe placeholder values
    ok 5 - should skip known safe placeholder values
      ---
      duration_ms: 1.145962
      type: 'test'
      ...
    # Subtest: should ignore .env, .env.local, and .env.example files
    ok 6 - should ignore .env, .env.local, and .env.example files
      ---
      duration_ms: 2.854087
      type: 'test'
      ...
    # Subtest: should emit a warning when .gitignore does not contain .env
    ok 7 - should emit a warning when .gitignore does not contain .env
      ---
      duration_ms: 0.918908
      type: 'test'
      ...
    # Subtest: should emit a warning when .gitignore is completely missing
    ok 8 - should emit a warning when .gitignore is completely missing
      ---
      duration_ms: 0.898668
      type: 'test'
      ...
    # Subtest: should respect config.securityIgnore to skip files
    ok 9 - should respect config.securityIgnore to skip files
      ---
      duration_ms: 1.783048
      type: 'test'
      ...
    # Subtest: should recursively walk directories and respect IGNORE_DIRS
    ok 10 - should recursively walk directories and respect IGNORE_DIRS
      ---
      duration_ms: 1.68974
      type: 'test'
      ...
    1..10
ok 136 - validateSecurity
  ---
  duration_ms: 22.089187
  type: 'suite'
  ...
# Subtest: resolveSeverity — the per-validator severity lookup
    # Subtest: returns "medium" by default (no override)
    ok 1 - returns "medium" by default (no override)
      ---
      duration_ms: 1.16339
      type: 'test'
      ...
    # Subtest: returns the configured severity when set
    ok 2 - returns the configured severity when set
      ---
      duration_ms: 0.369954
      type: 'test'
      ...
    # Subtest: is case-insensitive on the value
    ok 3 - is case-insensitive on the value
      ---
      duration_ms: 0.199623
      type: 'test'
      ...
    # Subtest: falls back to "medium" for invalid severity strings
    ok 4 - falls back to "medium" for invalid severity strings
      ---
      duration_ms: 0.353318
      type: 'test'
      ...
    # Subtest: SEVERITY_LEVELS exports the three valid values
    ok 5 - SEVERITY_LEVELS exports the three valid values
      ---
      duration_ms: 0.256214
      type: 'test'
      ...
    1..5
ok 137 - resolveSeverity — the per-validator severity lookup
  ---
  duration_ms: 4.965517
  type: 'suite'
  ...
# Subtest: runGuardInternal — severity-aware effective counts
    # Subtest: default (no severity override): warnings stay in effectiveWarnings
    ok 1 - default (no severity override): warnings stay in effectiveWarnings
      ---
      duration_ms: 11.683067
      type: 'test'
      ...
    # Subtest: high-severity warnings become effectiveErrors (and drop out of effectiveWarnings)
    ok 2 - high-severity warnings become effectiveErrors (and drop out of effectiveWarnings)
      ---
      duration_ms: 4.17611
      type: 'test'
      ...
    # Subtest: low-severity warnings drop from effective counts entirely
    ok 3 - low-severity warnings drop from effective counts entirely
      ---
      duration_ms: 3.399306
      type: 'test'
      ...
    # Subtest: each validator result is annotated with its resolved severity
    ok 4 - each validator result is annotated with its resolved severity
      ---
      duration_ms: 21.922925
      type: 'test'
      ...
    1..4
ok 138 - runGuardInternal — severity-aware effective counts
  ---
  duration_ms: 41.729764
  type: 'suite'
  ...
# Subtest: runGuardInternal — status word agrees with the severity-aware exit code
    # Subtest: default warnings ⇒ status WARN (matches exit 2)
    ok 1 - default warnings ⇒ status WARN (matches exit 2)
      ---
      duration_ms: 2.812292
      type: 'test'
      ...
    # Subtest: severity=high warnings ⇒ status FAIL (matches exit 1, not WARN)
    ok 2 - severity=high warnings ⇒ status FAIL (matches exit 1, not WARN)
      ---
      duration_ms: 2.090182
      type: 'test'
      ...
    # Subtest: severity=low warnings ⇒ status PASS (matches exit 0, not WARN)
    ok 3 - severity=low warnings ⇒ status PASS (matches exit 0, not WARN)
      ---
      duration_ms: 1.9163
      type: 'test'
      ...
    1..3
ok 139 - runGuardInternal — status word agrees with the severity-aware exit code
  ---
  duration_ms: 7.04665
  type: 'suite'
  ...
# Subtest: isGitRepo
    # Subtest: returns false outside a git work tree
    ok 1 - returns false outside a git work tree
      ---
      duration_ms: 15.435437
      type: 'test'
      ...
    # Subtest: returns true inside a git work tree
    ok 2 - returns true inside a git work tree
      ---
      duration_ms: 15.34506
      type: 'test'
      ...
    1..2
ok 140 - isGitRepo
  ---
  duration_ms: 32.153392
  type: 'suite'
  ...
# Subtest: getLastCommitDate (follows renames)
    # Subtest: returns null when file is untracked
    ok 1 - returns null when file is untracked
      ---
      duration_ms: 17.440586
      type: 'test'
      ...
    # Subtest: returns the most recent commit date for a tracked file
    ok 2 - returns the most recent commit date for a tracked file
      ---
      duration_ms: 28.368973
      type: 'test'
      ...
    # Subtest: follows renames so the counter does NOT reset
    ok 3 - follows renames so the counter does NOT reset
      ---
      duration_ms: 77.439763
      type: 'test'
      ...
    1..3
ok 141 - getLastCommitDate (follows renames)
  ---
  duration_ms: 123.844763
  type: 'suite'
  ...
# Subtest: getFileHistory (follows renames)
    # Subtest: returns commits that touched the file under both old and new names
    ok 1 - returns commits that touched the file under both old and new names
      ---
      duration_ms: 69.473273
      type: 'test'
      ...
    # Subtest: parses NUL-delimited fields correctly even when the subject has spaces
    ok 2 - parses NUL-delimited fields correctly even when the subject has spaces
      ---
      duration_ms: 27.276421
      type: 'test'
      ...
    1..2
ok 142 - getFileHistory (follows renames)
  ---
  duration_ms: 97.406002
  type: 'suite'
  ...
# Subtest: getRenameHistory
    # Subtest: returns [path] for files that have not been renamed
    ok 1 - returns [path] for files that have not been renamed
      ---
      duration_ms: 29.962683
      type: 'test'
      ...
    # Subtest: returns all historical paths in reverse-chrono order after a rename
    ok 2 - returns all historical paths in reverse-chrono order after a rename
      ---
      duration_ms: 41.062194
      type: 'test'
      ...
    # Subtest: falls back to [path] when git is unavailable / dir is not a repo
    ok 3 - falls back to [path] when git is unavailable / dir is not a repo
      ---
      duration_ms: 4.781207
      type: 'test'
      ...
    1..3
ok 143 - getRenameHistory
  ---
  duration_ms: 76.154587
  type: 'suite'
  ...
# Subtest: changedFilesSince
    # Subtest: returns files modified between a ref and HEAD
    ok 1 - returns files modified between a ref and HEAD
      ---
      duration_ms: 42.436298
      type: 'test'
      ...
    # Subtest: returns [] when ref does not exist
    ok 2 - returns [] when ref does not exist
      ---
      duration_ms: 27.31946
      type: 'test'
      ...
    1..2
ok 144 - changedFilesSince
  ---
  duration_ms: 69.981624
  type: 'suite'
  ...
# Subtest: shared-source: monorepo discovery
    # Subtest: resolveSourceRoots honors config.sourceRoot
    ok 1 - resolveSourceRoots honors config.sourceRoot
      ---
      duration_ms: 3.887731
      type: 'test'
      ...
    # Subtest: resolveSourceRoots expands package.json workspaces globs
    ok 2 - resolveSourceRoots expands package.json workspaces globs
      ---
      duration_ms: 2.567782
      type: 'test'
      ...
    # Subtest: resolveSourceRoots does NOT fall back to projectDir when a source root exists
    ok 3 - resolveSourceRoots does NOT fall back to projectDir when a source root exists
      ---
      duration_ms: 1.497391
      type: 'test'
      ...
    # Subtest: resolveSourceRoots falls back to projectDir when nothing else resolves
    ok 4 - resolveSourceRoots falls back to projectDir when nothing else resolves
      ---
      duration_ms: 3.670875
      type: 'test'
      ...
    # Subtest: collectPackageJsons merges root + source-root packages
    ok 5 - collectPackageJsons merges root + source-root packages
      ---
      duration_ms: 1.68279
      type: 'test'
      ...
    # Subtest: detectDocker finds a Dockerfile under the source-root package
    ok 6 - detectDocker finds a Dockerfile under the source-root package
      ---
      duration_ms: 1.381892
      type: 'test'
      ...
    # Subtest: detectDocker returns false when no docker artifacts exist
    ok 7 - detectDocker returns false when no docker artifacts exist
      ---
      duration_ms: 1.130044
      type: 'test'
      ...
    # Subtest: grepEnvUsage finds process.env and import.meta.env usage
    ok 8 - grepEnvUsage finds process.env and import.meta.env usage
      ---
      duration_ms: 2.863355
      type: 'test'
      ...
    1..8
ok 145 - shared-source: monorepo discovery
  ---
  duration_ms: 20.472289
  type: 'suite'
  ...
# Subtest: readScannable — size cap + generated/minified skip
    # Subtest: reads a normal source file
    ok 1 - reads a normal source file
      ---
      duration_ms: 1.395841
      type: 'test'
      ...
    # Subtest: skips a file larger than the cap (returns null)
    ok 2 - skips a file larger than the cap (returns null)
      ---
      duration_ms: 5.021686
      type: 'test'
      ...
    # Subtest: skips minified / generated / declaration files by name
    ok 3 - skips minified / generated / declaration files by name
      ---
      duration_ms: 1.206818
      type: 'test'
      ...
    # Subtest: returns null for a missing/unreadable file (never throws)
    ok 4 - returns null for a missing/unreadable file (never throws)
      ---
      duration_ms: 0.435653
      type: 'test'
      ...
    1..4
ok 146 - readScannable — size cap + generated/minified skip
  ---
  duration_ms: 8.415708
  type: 'suite'
  ...
# Subtest: Spec-Kit — bugfix spec type
    # Subtest: exempts a bugfix spec from the feature template when it states root cause + fix
    ok 1 - exempts a bugfix spec from the feature template when it states root cause + fix
      ---
      duration_ms: 6.849983
      type: 'test'
      ...
    # Subtest: still requires root cause + fix in a bugfix spec (not a free pass)
    ok 2 - still requires root cause + fix in a bugfix spec (not a free pass)
      ---
      duration_ms: 2.217133
      type: 'test'
      ...
    # Subtest: holds a normal feature spec to the full template
    ok 3 - holds a normal feature spec to the full template
      ---
      duration_ms: 2.327163
      type: 'test'
      ...
    1..3
ok 147 - Spec-Kit — bugfix spec type
  ---
  duration_ms: 12.983016
  type: 'suite'
  ...
# Subtest: starter profile is minimal (no heavy spec-kit scaffold) + commands at .agent/commands
    # Subtest: skips the .specify/ framework scaffold and installs commands under .agent/
    ok 1 - skips the .specify/ framework scaffold and installs commands under .agent/
      ---
      duration_ms: 145.722207
      type: 'test'
      ...
    1..1
ok 148 - starter profile is minimal (no heavy spec-kit scaffold) + commands at .agent/commands
  ---
  duration_ms: 146.988254
  type: 'suite'
  ...
# Subtest: Stress: synthetic 1000-file monorepo
ok 149 - Stress: synthetic 1000-file monorepo # SKIP
  ---
  duration_ms: 0.670303
  type: 'suite'
  ...
# Subtest: Stress harness (smoke when STRESS=0)
    # Subtest: skips by default to keep `npm test` fast
    ok 1 - skips by default to keep `npm test` fast
      ---
      duration_ms: 0.6253
      type: 'test'
      ...
    1..1
ok 150 - Stress harness (smoke when STRESS=0)
  ---
  duration_ms: 1.232524
  type: 'suite'
  ...
# Subtest: validateStructure
    # Subtest: should pass when all required files are present
    ok 1 - should pass when all required files are present
      ---
      duration_ms: 2.996478
      type: 'test'
      ...
    # Subtest: should fail when files are missing
    ok 2 - should fail when files are missing
      ---
      duration_ms: 0.708862
      type: 'test'
      ...
    1..2
ok 151 - validateStructure
  ---
  duration_ms: 5.169811
  type: 'suite'
  ...
# Subtest: validateDocSections
    # Subtest: should pass when required sections are present
    ok 1 - should pass when required sections are present
      ---
      duration_ms: 3.262298
      type: 'test'
      ...
    # Subtest: should generate warnings for missing sections
    ok 2 - should generate warnings for missing sections
      ---
      duration_ms: 1.492484
      type: 'test'
      ...
    1..2
ok 152 - validateDocSections
  ---
  duration_ms: 5.040913
  type: 'suite'
  ...
# Subtest: Surface-Sync validator
    # Subtest: returns N/A (total 0) when no surfaces are configured
    ok 1 - returns N/A (total 0) when no surfaces are configured
      ---
      duration_ms: 3.048183
      type: 'test'
      ...
    # Subtest: flags a command implemented in code but missing from the README table
    ok 2 - flags a command implemented in code but missing from the README table
      ---
      duration_ms: 3.229255
      type: 'test'
      ...
    # Subtest: passes when every code item is documented in a table row
    ok 3 - passes when every code item is documented in a table row
      ---
      duration_ms: 2.267045
      type: 'test'
      ...
    # Subtest: respects the `ignore` list (deprecation aliases not flagged)
    ok 4 - respects the `ignore` list (deprecation aliases not flagged)
      ---
      duration_ms: 1.869883
      type: 'test'
      ...
    # Subtest: flags a doc item with no corresponding code file (removed surface)
    ok 5 - flags a doc item with no corresponding code file (removed surface)
      ---
      duration_ms: 3.612346
      type: 'test'
      ...
    # Subtest: does NOT count backticks inside fenced code blocks as documented entries
    ok 6 - does NOT count backticks inside fenced code blocks as documented entries
      ---
      duration_ms: 2.30842
      type: 'test'
      ...
    # Subtest: detects bullet-list entries as documented items
    ok 7 - detects bullet-list entries as documented items
      ---
      duration_ms: 1.847837
      type: 'test'
      ...
    # Subtest: strips the `docguard ` prefix when extracting from table cells
    ok 8 - strips the `docguard ` prefix when extracting from table cells
      ---
      duration_ms: 1.54669
      type: 'test'
      ...
    # Subtest: handles multiple target docs independently
    ok 9 - handles multiple target docs independently
      ---
      duration_ms: 1.78567
      type: 'test'
      ...
    # Subtest: scopes scanning to a specific section when `section` is set
    ok 10 - scopes scanning to a specific section when `section` is set
      ---
      duration_ms: 1.778517
      type: 'test'
      ...
    # Subtest: warns sensibly when the configured section heading is absent from the doc
    ok 11 - warns sensibly when the configured section heading is absent from the doc
      ---
      duration_ms: 1.171861
      type: 'test'
      ...
    # Subtest: returns silently when the surface glob matches nothing
    ok 12 - returns silently when the surface glob matches nothing
      ---
      duration_ms: 0.612584
      type: 'test'
      ...
    1..12
ok 153 - Surface-Sync validator
  ---
  duration_ms: 27.402469
  type: 'suite'
  ...
# Subtest: K-6 — sweep-needed nudge
    # Subtest: parses the sweep-nudge pattern from real freshness messages
    ok 1 - parses the sweep-nudge pattern from real freshness messages
      ---
      duration_ms: 1.453779
      type: 'test'
      ...
    # Subtest: emits the nudge when 2+ freshness warnings match the pattern (end-to-end)
    ok 2 - emits the nudge when 2+ freshness warnings match the pattern (end-to-end)
      ---
      duration_ms: 193.855282
      type: 'test'
      ...
    # Subtest: does not emit the nudge in --format json mode
    ok 3 - does not emit the nudge in --format json mode
      ---
      duration_ms: 169.799029
      type: 'test'
      ...
    1..3
ok 154 - K-6 — sweep-needed nudge
  ---
  duration_ms: 368.296415
  type: 'suite'
  ...
# Subtest: sync --since — banner reflects scoping
    # Subtest: runs cleanly when --since target is invalid (no crash)
    ok 1 - runs cleanly when --since target is invalid (no crash)
      ---
      duration_ms: 459.706774
      type: 'test'
      ...
    # Subtest: reports changed-file count from real git history
    ok 2 - reports changed-file count from real git history
      ---
      duration_ms: 486.588761
      type: 'test'
      ...
    1..2
ok 155 - sync --since — banner reflects scoping
  ---
  duration_ms: 947.666446
  type: 'suite'
  ...
# Subtest: section→file matcher (sync.mjs internal table)
    # Subtest: endpoints-table is scoped to route paths
    ok 1 - endpoints-table is scoped to route paths
      ---
      duration_ms: 0.250237
      type: 'test'
      ...
    1..1
ok 156 - section→file matcher (sync.mjs internal table)
  ---
  duration_ms: 0.438202
  type: 'suite'
  ...
# Subtest: docguard sync
    # Subtest: refreshes a stale code section in place with --write, preserving human prose
    ok 1 - refreshes a stale code section in place with --write, preserving human prose
      ---
      duration_ms: 305.371085
      type: 'test'
      ...
    # Subtest: is idempotent — a second sync makes no changes
    ok 2 - is idempotent — a second sync makes no changes
      ---
      duration_ms: 10.787218
      type: 'test'
      ...
    # Subtest: dry run (no --write) does not modify the doc
    ok 3 - dry run (no --write) does not modify the doc
      ---
      duration_ms: 9.855266
      type: 'test'
      ...
    # Subtest: skips a doc without the generated marker unless --force
    ok 4 - skips a doc without the generated marker unless --force
      ---
      duration_ms: 10.915761
      type: 'test'
      ...
    # Subtest: JSON output reports stale updates and prose reviews
    ok 5 - JSON output reports stale updates and prose reviews
      ---
      duration_ms: 8.889808
      type: 'test'
      ...
    1..5
ok 157 - docguard sync
  ---
  duration_ms: 347.663069
  type: 'suite'
  ...
# Subtest: validateTestSpec
    # Subtest: should return empty results if TEST-SPEC.md does not exist
    ok 1 - should return empty results if TEST-SPEC.md does not exist
      ---
      duration_ms: 3.214519
      type: 'test'
      ...
    # Subtest: should parse Source-to-Test Map and Critical User Journeys
    ok 2 - should parse Source-to-Test Map and Critical User Journeys
      ---
      duration_ms: 3.71441
      type: 'test'
      ...
    # Subtest: should skip Critical User Journeys if needsE2E is false
    ok 3 - should skip Critical User Journeys if needsE2E is false
      ---
      duration_ms: 1.813053
      type: 'test'
      ...
    # Subtest: is N/A (not a fake pass) when the spec maps nothing but a tests dir exists
    ok 4 - is N/A (not a fake pass) when the spec maps nothing but a tests dir exists
      ---
      duration_ms: 0.955022
      type: 'test'
      ...
    # Subtest: is N/A when the spec maps nothing but co-located tests exist
    ok 5 - is N/A when the spec maps nothing but co-located tests exist
      ---
      duration_ms: 4.97248
      type: 'test'
      ...
    # Subtest: is N/A when the spec maps nothing but vitest.config.ts exists
    ok 6 - is N/A when the spec maps nothing but vitest.config.ts exists
      ---
      duration_ms: 1.301993
      type: 'test'
      ...
    # Subtest: FP-6: parses comma-separated multi-path Journey cells
    ok 7 - FP-6: parses comma-separated multi-path Journey cells
      ---
      duration_ms: 1.84783
      type: 'test'
      ...
    # Subtest: FP-6: passes when ANY of the multi-path files exists
    ok 8 - FP-6: passes when ANY of the multi-path files exists
      ---
      duration_ms: 1.235245
      type: 'test'
      ...
    # Subtest: FP-6: still warns when NO multi-path files exist
    ok 9 - FP-6: still warns when NO multi-path files exist
      ---
      duration_ms: 1.17647
      type: 'test'
      ...
    # Subtest: FP-6: expands globs in Journey path cells
    ok 10 - FP-6: expands globs in Journey path cells
      ---
      duration_ms: 1.980362
      type: 'test'
      ...
    # Subtest: FP-6: accepts (N suites) annotation when literal path missing
    ok 11 - FP-6: accepts (N suites) annotation when literal path missing
      ---
      duration_ms: 0.785683
      type: 'test'
      ...
    # Subtest: \#9: header-aware parser verifies BOTH Unit Test and Integration Test columns
    ok 12 - \#9: header-aware parser verifies BOTH Unit Test and Integration Test columns
      ---
      duration_ms: 1.272729
      type: 'test'
      ...
    1..12
ok 158 - validateTestSpec
  ---
  duration_ms: 26.599132
  type: 'suite'
  ...
# Subtest: Source-to-Test Map — a description cell is not checked as a test file (FP fix)
    # Subtest: skips prose "what it covers" cells in an integration-test sub-table
    ok 1 - skips prose "what it covers" cells in an integration-test sub-table
      ---
      duration_ms: 0.993721
      type: 'test'
      ...
    1..1
ok 159 - Source-to-Test Map — a description cell is not checked as a test file (FP fix)
  ---
  duration_ms: 1.114985
  type: 'suite'
  ...
# Subtest: Todo-Tracking Validator
    # Subtest: handles empty project gracefully
    ok 1 - handles empty project gracefully
      ---
      duration_ms: 3.652906
      type: 'test'
      ...
    # Subtest: warns about skipped test without explanation
    ok 2 - warns about skipped test without explanation
      ---
      duration_ms: 3.200166
      type: 'test'
      ...
    # Subtest: passes skipped test with explanation
    ok 3 - passes skipped test with explanation
      ---
      duration_ms: 1.772715
      type: 'test'
      ...
    # Subtest: warns about untracked TODOs
    ok 4 - warns about untracked TODOs
      ---
      duration_ms: 2.18976
      type: 'test'
      ...
    # Subtest: passes when TODO is tracked in a roadmap
    ok 5 - passes when TODO is tracked in a roadmap
      ---
      duration_ms: 2.09947
      type: 'test'
      ...
    # Subtest: does not match TODO inside a regex literal (false-positive guard)
    ok 6 - does not match TODO inside a regex literal (false-positive guard)
      ---
      duration_ms: 2.640865
      type: 'test'
      ...
    # Subtest: still matches TODOs in block comments and continuation lines
    ok 7 - still matches TODOs in block comments and continuation lines
      ---
      duration_ms: 1.834479
      type: 'test'
      ...
    # Subtest: matches TODOs in Python-style \# comments
    ok 8 - matches TODOs in Python-style \# comments
      ---
      duration_ms: 1.285868
      type: 'test'
      ...
    1..8
ok 160 - Todo-Tracking Validator
  ---
  duration_ms: 20.528256
  type: 'suite'
  ...
# Subtest: TRACE_MAP — TEST-SPEC test patterns (multi-language)
    # Subtest: matches JS/TS test files (regression)
    ok 1 - matches JS/TS test files (regression)
      ---
      duration_ms: 3.06688
      type: 'test'
      ...
    # Subtest: matches Python test files (test_*.py / *_test.py / tests/*.py)
    ok 2 - matches Python test files (test_*.py / *_test.py / tests/*.py)
      ---
      duration_ms: 0.261402
      type: 'test'
      ...
    # Subtest: matches Go test files (*_test.go)
    ok 3 - matches Go test files (*_test.go)
      ---
      duration_ms: 0.261128
      type: 'test'
      ...
    # Subtest: matches Rust test files (tests/*.rs)
    ok 4 - matches Rust test files (tests/*.rs)
      ---
      duration_ms: 0.170832
      type: 'test'
      ...
    # Subtest: matches Java/Kotlin test files (*Test.java / *Spec.kt)
    ok 5 - matches Java/Kotlin test files (*Test.java / *Spec.kt)
      ---
      duration_ms: 0.202165
      type: 'test'
      ...
    # Subtest: matches Ruby spec files (*_spec.rb / *_test.rb)
    ok 6 - matches Ruby spec files (*_spec.rb / *_test.rb)
      ---
      duration_ms: 0.169601
      type: 'test'
      ...
    # Subtest: does NOT match non-test files (no false positives)
    ok 7 - does NOT match non-test files (no false positives)
      ---
      duration_ms: 0.17483
      type: 'test'
      ...
    1..7
ok 161 - TRACE_MAP — TEST-SPEC test patterns (multi-language)
  ---
  duration_ms: 5.899925
  type: 'suite'
  ...
# Subtest: TRACE_MAP — ARCHITECTURE entry points (multi-language)
    # Subtest: matches Python entry points
    ok 1 - matches Python entry points
      ---
      duration_ms: 1.527334
      type: 'test'
      ...
    # Subtest: matches Rust entry points
    ok 2 - matches Rust entry points
      ---
      duration_ms: 0.437522
      type: 'test'
      ...
    # Subtest: matches Go entry points
    ok 3 - matches Go entry points
      ---
      duration_ms: 0.35552
      type: 'test'
      ...
    # Subtest: matches Java entry points
    ok 4 - matches Java entry points
      ---
      duration_ms: 0.147096
      type: 'test'
      ...
    # Subtest: keeps matching JS/TS entry points (regression)
    ok 5 - keeps matching JS/TS entry points (regression)
      ---
      duration_ms: 0.192839
      type: 'test'
      ...
    1..5
ok 162 - TRACE_MAP — ARCHITECTURE entry points (multi-language)
  ---
  duration_ms: 3.243064
  type: 'suite'
  ...
# Subtest: TRACE_MAP — ARCHITECTURE config files (multi-language)
    # Subtest: matches Python config files
    ok 1 - matches Python config files
      ---
      duration_ms: 0.539775
      type: 'test'
      ...
    # Subtest: matches Rust / Go / Java / Ruby / PHP config files
    ok 2 - matches Rust / Go / Java / Ruby / PHP config files
      ---
      duration_ms: 0.192135
      type: 'test'
      ...
    # Subtest: keeps matching JS/TS config files (regression)
    ok 3 - keeps matching JS/TS config files (regression)
      ---
      duration_ms: 0.124515
      type: 'test'
      ...
    1..3
ok 163 - TRACE_MAP — ARCHITECTURE config files (multi-language)
  ---
  duration_ms: 1.030273
  type: 'suite'
  ...
# Subtest: TRACE_MAP — ENVIRONMENT Python ecosystem
    # Subtest: matches Python lock + requirements files
    ok 1 - matches Python lock + requirements files
      ---
      duration_ms: 0.367497
      type: 'test'
      ...
    1..1
ok 164 - TRACE_MAP — ENVIRONMENT Python ecosystem
  ---
  duration_ms: 0.465028
  type: 'suite'
  ...
# Subtest: trace --reverse
    # Subtest: errors with usage when no positional arg is given
    ok 1 - errors with usage when no positional arg is given
      ---
      duration_ms: 129.43585
      type: 'test'
      ...
    # Subtest: finds direct path references
    ok 2 - finds direct path references
      ---
      duration_ms: 129.6905
      type: 'test'
      ...
    # Subtest: finds basename-only references
    ok 3 - finds basename-only references
      ---
      duration_ms: 136.119625
      type: 'test'
      ...
    # Subtest: warns when the file has no canonical references
    ok 4 - warns when the file has no canonical references
      ---
      duration_ms: 141.563071
      type: 'test'
      ...
    # Subtest: emits JSON when --format json is set
    ok 5 - emits JSON when --format json is set
      ---
      duration_ms: 123.437386
      type: 'test'
      ...
    1..5
ok 165 - trace --reverse
  ---
  duration_ms: 662.029669
  type: 'suite'
  ...
# Subtest: Traceability Validator
    # Subtest: handles missing docs-canonical directory gracefully
    ok 1 - handles missing docs-canonical directory gracefully
      ---
      duration_ms: 3.383245
      type: 'test'
      ...
    # Subtest: does not treat prose like "T300" as a spec-kit task ID (over-match fix)
    ok 2 - does not treat prose like "T300" as a spec-kit task ID (over-match fix)
      ---
      duration_ms: 4.39062
      type: 'test'
      ...
    # Subtest: validates successful source traceability
    ok 3 - validates successful source traceability
      ---
      duration_ms: 2.757426
      type: 'test'
      ...
    # Subtest: warns when a required document is missing
    ok 4 - warns when a required document is missing
      ---
      duration_ms: 3.338072
      type: 'test'
      ...
    # Subtest: warns when a document has no matching source files (unlinked)
    ok 5 - warns when a document has no matching source files (unlinked)
      ---
      duration_ms: 1.580404
      type: 'test'
      ...
    # Subtest: warns when an orphaned document is present
    ok 6 - warns when an orphaned document is present
      ---
      duration_ms: 1.336709
      type: 'test'
      ...
    # Subtest: validates Requirement ID traceability successfully
    ok 7 - validates Requirement ID traceability successfully
      ---
      duration_ms: 2.125175
      type: 'test'
      ...
    # Subtest: warns when a requirement has no test coverage
    ok 8 - warns when a requirement has no test coverage
      ---
      duration_ms: 1.138871
      type: 'test'
      ...
    # Subtest: warns when an orphaned test reference exists
    ok 9 - warns when an orphaned test reference exists
      ---
      duration_ms: 1.81686
      type: 'test'
      ...
    # Subtest: @doc annotations and Next.js App Router (hugocross bug 5)
        # Subtest: @doc annotation links a source file to a canonical doc
        ok 1 - @doc annotation links a source file to a canonical doc
          ---
          duration_ms: 1.748679
          type: 'test'
          ...
        # Subtest: Next.js App Router src/app/api/ is recognised by TRACE_MAP
        ok 2 - Next.js App Router src/app/api/ is recognised by TRACE_MAP
          ---
          duration_ms: 1.831246
          type: 'test'
          ...
        1..2
    ok 10 - @doc annotations and Next.js App Router (hugocross bug 5)
      ---
      duration_ms: 3.839346
      type: 'suite'
      ...
    # Subtest: recognizes non-JS test files (multilingual traceability — Issue 3)
    ok 11 - recognizes non-JS test files (multilingual traceability — Issue 3)
      ---
      duration_ms: 2.470536
      type: 'test'
      ...
    1..11
ok 166 - Traceability Validator
  ---
  duration_ms: 30.469596
  type: 'suite'
  ...
# Subtest: upgrade --apply --pr — end-to-end with bare remote + stub gh
    # Subtest: full happy path: branch + commit + push + gh pr create
    ok 1 - full happy path: branch + commit + push + gh pr create
      ---
      duration_ms: 428.501553
      type: 'test'
      ...
    # Subtest: reports a clear error when gh is not installed
    ok 2 - reports a clear error when gh is not installed
      ---
      duration_ms: 825.175047
      type: 'test'
      ...
    1..2
ok 167 - upgrade --apply --pr — end-to-end with bare remote + stub gh
  ---
  duration_ms: 1255.075762
  type: 'suite'
  ...
# Subtest: upgrade --pr
    # Subtest: --pr without --apply does not open a PR (no-op for read mode)
    ok 1 - --pr without --apply does not open a PR (no-op for read mode)
      ---
      duration_ms: 323.942692
      type: 'test'
      ...
    # Subtest: --apply --pr without gh CLI installed produces a clear error
    ok 2 - --apply --pr without gh CLI installed produces a clear error
      ---
      duration_ms: 736.798194
      type: 'test'
      ...
    # Subtest: reports the migrated schema version in --apply mode
    ok 3 - reports the migrated schema version in --apply mode
      ---
      duration_ms: 293.117102
      type: 'test'
      ...
    1..3
ok 168 - upgrade --pr
  ---
  duration_ms: 1355.97761
  type: 'suite'
  ...
# Subtest: shared.mjs — version helpers
    # Subtest: parseVersion handles dotted decimals
    ok 1 - parseVersion handles dotted decimals
      ---
      duration_ms: 2.139105
      type: 'test'
      ...
    # Subtest: parseVersion tolerates suffixes
    ok 2 - parseVersion tolerates suffixes
      ---
      duration_ms: 0.41498
      type: 'test'
      ...
    # Subtest: parseVersion returns null on garbage
    ok 3 - parseVersion returns null on garbage
      ---
      duration_ms: 0.240979
      type: 'test'
      ...
    # Subtest: compareVersions orders correctly across major/minor/patch
    ok 4 - compareVersions orders correctly across major/minor/patch
      ---
      duration_ms: 0.408751
      type: 'test'
      ...
    # Subtest: compareVersions returns 0 for unparseable input (no nag for weird data)
    ok 5 - compareVersions returns 0 for unparseable input (no nag for weird data)
      ---
      duration_ms: 0.203647
      type: 'test'
      ...
    # Subtest: CURRENT_SCHEMA_VERSION is a parseable version string
    ok 6 - CURRENT_SCHEMA_VERSION is a parseable version string
      ---
      duration_ms: 0.268815
      type: 'test'
      ...
    1..6
ok 169 - shared.mjs — version helpers
  ---
  duration_ms: 5.209564
  type: 'suite'
  ...
# Subtest: checkUpgradeStatus — the post-guard nudge driver
    # Subtest: returns null when .docguard.json is missing (no nag for fresh dirs)
    ok 1 - returns null when .docguard.json is missing (no nag for fresh dirs)
      ---
      duration_ms: 2.216727
      type: 'test'
      ...
    # Subtest: returns null when project schema matches the CLI schema
    ok 2 - returns null when project schema matches the CLI schema
      ---
      duration_ms: 2.999014
      type: 'test'
      ...
    # Subtest: returns null when project schema is AHEAD of the CLI (newer config than CLI knows)
    ok 3 - returns null when project schema is AHEAD of the CLI (newer config than CLI knows)
      ---
      duration_ms: 1.225187
      type: 'test'
      ...
    # Subtest: returns a nudge string when project schema is behind
    ok 4 - returns a nudge string when project schema is behind
      ---
      duration_ms: 1.407507
      type: 'test'
      ...
    # Subtest: returns null when .docguard.json is unparseable (no crash, no nag)
    ok 5 - returns null when .docguard.json is unparseable (no crash, no nag)
      ---
      duration_ms: 0.878443
      type: 'test'
      ...
    # Subtest: returns a nudge when .docguard.json has no `version` field (pre-0.4 schema)
    ok 6 - returns a nudge when .docguard.json has no `version` field (pre-0.4 schema)
      ---
      duration_ms: 0.913039
      type: 'test'
      ...
    1..6
ok 170 - checkUpgradeStatus — the post-guard nudge driver
  ---
  duration_ms: 10.202819
  type: 'suite'
  ...
# Subtest: migrateSchema — requiredFiles is preserved and shape-normalized
    # Subtest: preserves a well-formed requiredFiles object across a version migration
    ok 1 - preserves a well-formed requiredFiles object across a version migration
      ---
      duration_ms: 0.481266
      type: 'test'
      ...
    # Subtest: normalizes a legacy ARRAY requiredFiles to { canonical: [...] }
    ok 2 - normalizes a legacy ARRAY requiredFiles to { canonical: [...] }
      ---
      duration_ms: 0.389898
      type: 'test'
      ...
    # Subtest: SURFACES (does not silently accept) a requiredFiles object missing canonical
    ok 3 - SURFACES (does not silently accept) a requiredFiles object missing canonical
      ---
      duration_ms: 0.189858
      type: 'test'
      ...
    # Subtest: warns when requiredFiles is absent entirely (no fabrication)
    ok 4 - warns when requiredFiles is absent entirely (no fabrication)
      ---
      duration_ms: 0.18535
      type: 'test'
      ...
    1..4
ok 171 - migrateSchema — requiredFiles is preserved and shape-normalized
  ---
  duration_ms: 1.433558
  type: 'suite'
  ...
# Subtest: v0.20 — init --with <name> dispatcher
    # Subtest: init --with badge dispatches the badge scaffolder
    ok 1 - init --with badge dispatches the badge scaffolder
      ---
      duration_ms: 186.307769
      type: 'test'
      ...
    # Subtest: init --with agents,hooks dispatches both in order
    not ok 2 - init --with agents,hooks dispatches both in order
      ---
      duration_ms: 183.291498
      type: 'test'
      location: '/app/tests/v020-consolidation.test.mjs:55:3'
      failureType: 'testCodeFailure'
      error: |-
        exit 0; got 1
        [31m✗ hooks failed: ENOTDIR: not a directory, open '/dev/null/pre-commit'[0m


        1 !== 0

      code: 'ERR_ASSERTION'
      name: 'AssertionError'
      expected: 0
      actual: 1
      operator: 'strictEqual'
      stack: |-
        TestContext.<anonymous> (file:///app/tests/v020-consolidation.test.mjs:61:12)
        Test.runInAsyncScope (node:async_hooks:214:14)
        Test.run (node:internal/test_runner/test:1047:25)
        Suite.processPendingSubtests (node:internal/test_runner/test:744:18)
        Test.postRun (node:internal/test_runner/test:1173:19)
        Test.run (node:internal/test_runner/test:1101:12)
        async Promise.all (index 0)
        async Suite.run (node:internal/test_runner/test:1442:7)
        async startSubtestAfterBootstrap (node:internal/test_runner/harness:296:3)
      ...
    # Subtest: init --with unknown errors with a clear message
    ok 3 - init --with unknown errors with a clear message
      ---
      duration_ms: 175.280985
      type: 'test'
      ...
    # Subtest: init --with accepts every documented scaffolder name
    ok 4 - init --with accepts every documented scaffolder name
      ---
      duration_ms: 1081.818362
      type: 'test'
      ...
    1..4
not ok 172 - v0.20 — init --with <name> dispatcher
  ---
  duration_ms: 1628.723364
  type: 'suite'
  location: '/app/tests/v020-consolidation.test.mjs:38:1'
  failureType: 'subtestsFailed'
  error: '1 subtest failed'
  code: 'ERR_TEST_FAILURE'
  ...
# Subtest: v0.20 — deprecation aliases (keep working + emit warning)
    # Subtest: `setup` still dispatches + warns to use `init --wizard`
    ok 1 - `setup` still dispatches + warns to use `init --wizard`
      ---
      duration_ms: 149.459283
      type: 'test'
      ...
    # Subtest: `agents` still dispatches + warns to use `init --with agents`
    ok 2 - `agents` still dispatches + warns to use `init --with agents`
      ---
      duration_ms: 168.018353
      type: 'test'
      ...
    # Subtest: `hooks` still dispatches + warns to use `init --with hooks`
    ok 3 - `hooks` still dispatches + warns to use `init --with hooks`
      ---
      duration_ms: 173.983289
      type: 'test'
      ...
    # Subtest: `ci` still dispatches + warns to use `init --with ci`
    ok 4 - `ci` still dispatches + warns to use `init --with ci`
      ---
      duration_ms: 231.143399
      type: 'test'
      ...
    # Subtest: `badge` still dispatches + warns to use `init --with badge`
    ok 5 - `badge` still dispatches + warns to use `init --with badge`
      ---
      duration_ms: 169.75298
      type: 'test'
      ...
    # Subtest: `llms` still dispatches + warns to use `init --with llms`
    ok 6 - `llms` still dispatches + warns to use `init --with llms`
      ---
      duration_ms: 166.3861
      type: 'test'
      ...
    # Subtest: `publish` still dispatches + warns to use `init --with publish`
    ok 7 - `publish` still dispatches + warns to use `init --with publish`
      ---
      duration_ms: 167.365471
      type: 'test'
      ...
    # Subtest: `impact` still dispatches + warns to use `diff --since`
    ok 8 - `impact` still dispatches + warns to use `diff --since`
      ---
      duration_ms: 160.319813
      type: 'test'
      ...
    # Subtest: --quiet suppresses the deprecation warning
    ok 9 - --quiet suppresses the deprecation warning
      ---
      duration_ms: 166.727043
      type: 'test'
      ...
    1..9
ok 173 - v0.20 — deprecation aliases (keep working + emit warning)
  ---
  duration_ms: 1554.488352
  type: 'suite'
  ...
# Subtest: v0.20 — dropped aliases (error with hint)
    # Subtest: `onboard` errors with a hint pointing to the canonical command
    ok 1 - `onboard` errors with a hint pointing to the canonical command
      ---
      duration_ms: 146.973835
      type: 'test'
      ...
    # Subtest: `gen` errors with a hint pointing to the canonical command
    ok 2 - `gen` errors with a hint pointing to the canonical command
      ---
      duration_ms: 148.09358
      type: 'test'
      ...
    # Subtest: `badges` errors with a hint pointing to the canonical command
    ok 3 - `badges` errors with a hint pointing to the canonical command
      ---
      duration_ms: 150.958053
      type: 'test'
      ...
    # Subtest: `pipeline` errors with a hint pointing to the canonical command
    ok 4 - `pipeline` errors with a hint pointing to the canonical command
      ---
      duration_ms: 150.283615
      type: 'test'
      ...
    # Subtest: `repair` errors with a hint pointing to the canonical command
    ok 5 - `repair` errors with a hint pointing to the canonical command
      ---
      duration_ms: 148.130939
      type: 'test'
      ...
    # Subtest: `dx` errors with a hint pointing to the canonical command
    ok 6 - `dx` errors with a hint pointing to the canonical command
      ---
      duration_ms: 151.006758
      type: 'test'
      ...
    # Subtest: `pub` errors with a hint pointing to the canonical command
    ok 7 - `pub` errors with a hint pointing to the canonical command
      ---
      duration_ms: 146.946763
      type: 'test'
      ...
    # Subtest: `traceability` errors with a hint pointing to the canonical command
    ok 8 - `traceability` errors with a hint pointing to the canonical command
      ---
      duration_ms: 147.575241
      type: 'test'
      ...
    # Subtest: `help-warning` errors with a hint pointing to the canonical command
    ok 9 - `help-warning` errors with a hint pointing to the canonical command
      ---
      duration_ms: 145.420124
      type: 'test'
      ...
    # Subtest: `update` errors with a hint pointing to the canonical command
    ok 10 - `update` errors with a hint pointing to the canonical command
      ---
      duration_ms: 148.245417
      type: 'test'
      ...
    # Subtest: `audit` is the one permanent alias — still routes to guard silently
    ok 11 - `audit` is the one permanent alias — still routes to guard silently
      ---
      duration_ms: 167.235232
      type: 'test'
      ...
    1..11
ok 174 - v0.20 — dropped aliases (error with hint)
  ---
  duration_ms: 1651.828968
  type: 'suite'
  ...
# Subtest: loadValidatorSuppressions
    # Subtest: reads a marker with a reason from a canonical doc
    ok 1 - reads a marker with a reason from a canonical doc
      ---
      duration_ms: 4.683585
      type: 'test'
      ...
    # Subtest: is tolerant of key casing/separators (test-spec, Test_Spec)
    ok 2 - is tolerant of key casing/separators (test-spec, Test_Spec)
      ---
      duration_ms: 3.129785
      type: 'test'
      ...
    # Subtest: accepts `:` and `--` as the reason separator
    ok 3 - accepts `:` and `--` as the reason separator
      ---
      duration_ms: 1.555207
      type: 'test'
      ...
    # Subtest: reports unknown keys instead of silently ignoring them
    ok 4 - reports unknown keys instead of silently ignoring them
      ---
      duration_ms: 1.509926
      type: 'test'
      ...
    # Subtest: ignores docs with no markers
    ok 5 - ignores docs with no markers
      ---
      duration_ms: 1.589231
      type: 'test'
      ...
    1..5
ok 175 - loadValidatorSuppressions
  ---
  duration_ms: 14.423082
  type: 'suite'
  ...
# Subtest: guard integration — a marked validator renders N/A, not pass/skip
    # Subtest: marks Test-Spec as N/A (status:na) with the reason as the note
    ok 1 - marks Test-Spec as N/A (status:na) with the reason as the note
      ---
      duration_ms: 38.160125
      type: 'test'
      ...
    # Subtest: a POC can mute testSpec + traceability together (resolves \#14)
    ok 2 - a POC can mute testSpec + traceability together (resolves \#14)
      ---
      duration_ms: 15.432411
      type: 'test'
      ...
    # Subtest: surfaces unknown-key markers as warnings (typo protection)
    ok 3 - surfaces unknown-key markers as warnings (typo protection)
      ---
      duration_ms: 13.147864
      type: 'test'
      ...
    1..3
ok 176 - guard integration — a marked validator renders N/A, not pass/skip
  ---
  duration_ms: 67.460181
  type: 'suite'
  ...
# Subtest: validator naming — accepts both kebab and camel
    # Subtest: kebab-case validators.test-spec disables Test-Spec
    ok 1 - kebab-case validators.test-spec disables Test-Spec
      ---
      duration_ms: 187.161135
      type: 'test'
      ...
    # Subtest: camelCase validators.testSpec still disables Test-Spec (regression)
    ok 2 - camelCase validators.testSpec still disables Test-Spec (regression)
      ---
      duration_ms: 174.591523
      type: 'test'
      ...
    # Subtest: kebab-case severity.cross-reference applies correctly
    ok 3 - kebab-case severity.cross-reference applies correctly
      ---
      duration_ms: 170.477872
      type: 'test'
      ...
    # Subtest: camelCase severity.crossReference still works (regression)
    ok 4 - camelCase severity.crossReference still works (regression)
      ---
      duration_ms: 166.967553
      type: 'test'
      ...
    # Subtest: non-validator config keys are left untouched
    ok 5 - non-validator config keys are left untouched
      ---
      duration_ms: 172.736928
      type: 'test'
      ...
    1..5
ok 177 - validator naming — accepts both kebab and camel
  ---
  duration_ms: 873.780371
  type: 'suite'
  ...
# Subtest: guard — version pin nudge
    # Subtest: no nudge when docguardVersion is absent (backward compat)
    ok 1 - no nudge when docguardVersion is absent (backward compat)
      ---
      duration_ms: 179.701507
      type: 'test'
      ...
    # Subtest: no nudge when CLI matches the pinned version
    ok 2 - no nudge when CLI matches the pinned version
      ---
      duration_ms: 173.531999
      type: 'test'
      ...
    # Subtest: nudges when CLI version is NEWER than the pin
    ok 3 - nudges when CLI version is NEWER than the pin
      ---
      duration_ms: 182.540488
      type: 'test'
      ...
    # Subtest: nudges when CLI version is OLDER than the pin
    ok 4 - nudges when CLI version is OLDER than the pin
      ---
      duration_ms: 174.022484
      type: 'test'
      ...
    # Subtest: --pin writes docguardVersion on a passing run
    ok 5 - --pin writes docguardVersion on a passing run
      ---
      duration_ms: 177.86352
      type: 'test'
      ...
    # Subtest: --pin is idempotent (no-op when already current)
    ok 6 - --pin is idempotent (no-op when already current)
      ---
      duration_ms: 177.224904
      type: 'test'
      ...
    1..6
ok 178 - guard — version pin nudge
  ---
  duration_ms: 1066.723099
  type: 'suite'
  ...
# Subtest: guard footer — what's-new highlights
    # Subtest: pinning at v0.12.0 surfaces the headline features shipped since
    ok 1 - pinning at v0.12.0 surfaces the headline features shipped since
      ---
      duration_ms: 187.447739
      type: 'test'
      ...
    # Subtest: pinning at current CLI version shows no what's-new (clean)
    ok 2 - pinning at current CLI version shows no what's-new (clean)
      ---
      duration_ms: 175.001715
      type: 'test'
      ...
    # Subtest: caps at 5 inline highlights with "N more" pointer when more exist
    ok 3 - caps at 5 inline highlights with "N more" pointer when more exist
      ---
      duration_ms: 166.49843
      type: 'test'
      ...
    1..3
ok 179 - guard footer — what's-new highlights
  ---
  duration_ms: 531.117542
  type: 'suite'
  ...
1..179
# tests 749
# suites 188
# pass 725
# fail 24
# cancelled 0
# skipped 0
# todo 0
# duration_ms 20718.6586
